\BOOKMARK [1][-]{section.1}{\376\377\225\356\230\230\221\315\217\360}{}% 1
\BOOKMARK [1][-]{section.2}{\376\377\225\356\230\230\122\006\147\220}{}% 2
\BOOKMARK [1][-]{section.3}{\376\377\152\041\127\213\120\107\213\276\116\016\173\046\123\367\213\364\146\016}{}% 3
\BOOKMARK [2][-]{subsection.3.1}{\376\377\152\041\127\213\120\107\213\276}{section.3}% 4
\BOOKMARK [2][-]{subsection.3.2}{\376\377\120\107\213\276\166\204\124\010\164\006\140\047\213\364\146\016}{section.3}% 5
\BOOKMARK [2][-]{subsection.3.3}{\376\377\173\046\123\367\213\364\146\016}{section.3}% 6
\BOOKMARK [2][-]{subsection.3.4}{\376\377\217\223\121\145\123\302\145\160}{section.3}% 7
\BOOKMARK [1][-]{section.4}{\376\377\152\041\127\213\136\372\172\313}{}% 8
\BOOKMARK [2][-]{subsection.4.1}{\376\377\131\052\226\063\117\115\177\156\116\016\000\040\000D\000N\000I\000\040\152\041\127\213}{section.4}% 9
\BOOKMARK [2][-]{subsection.4.2}{\376\377\133\232\145\345\225\134\121\111\133\146\145\110\163\207\152\041\127\213}{section.4}% 10
\BOOKMARK [2][-]{subsection.4.3}{\376\377\226\064\137\161\220\156\143\041\116\016\142\052\145\255\145\110\163\207\166\204\204\231\162\171\123\141\155\033\213\241\173\227}{section.4}% 11
\BOOKMARK [2][-]{subsection.4.4}{\376\377\142\052\145\255\145\110\163\207\166\204\121\340\117\125\211\343\221\312}{section.4}% 12
\BOOKMARK [2][-]{subsection.4.5}{\376\377\225\134\127\072\217\223\121\372\160\355\122\237\163\207}{section.4}% 13
\BOOKMARK [1][-]{section.5}{\376\377\225\356\230\230\116\000\166\204\154\102\211\343}{}% 14
\BOOKMARK [2][-]{subsection.5.1}{\376\377\123\314\152\041\127\213\133\371\153\324\232\214\213\301}{section.5}% 15
\BOOKMARK [2][-]{subsection.5.2}{\376\377\176\323\147\234\116\016\122\006\147\220}{section.5}% 16
\BOOKMARK [1][-]{section.6}{\376\377\225\356\230\230\116\214\166\204\154\102\211\343}{}% 17
\BOOKMARK [2][-]{subsection.6.1}{\376\377\136\003\134\100\123\302\145\160\123\026\116\016\117\030\123\026\152\041\127\213}{section.6}% 18
\BOOKMARK [2][-]{subsection.6.2}{\376\377\226\064\137\161\220\156\143\041\145\110\163\207\166\204\150\007\133\232}{section.6}% 19
\BOOKMARK [2][-]{subsection.6.3}{\376\377\124\070\145\066\130\124\117\115\177\156\166\204\121\163\225\056\117\134\165\050}{section.6}% 20
\BOOKMARK [2][-]{subsection.6.4}{\376\377\127\372\121\306\145\271\150\110\116\016\117\030\123\026\145\271\150\110\133\371\153\324}{section.6}% 21
\BOOKMARK [2][-]{subsection.6.5}{\376\377\154\102\211\343\173\227\154\325\116\016\131\015\147\102\136\246}{section.6}% 22
\BOOKMARK [2][-]{subsection.6.6}{\376\377\133\232\145\345\225\134\134\072\133\370\166\204\145\117\141\037\140\047\122\006\147\220}{section.6}% 23
\BOOKMARK [2][-]{subsection.6.7}{\376\377\117\030\123\026\176\323\147\234}{section.6}% 24
\BOOKMARK [1][-]{section.7}{\376\377\225\356\230\230\116\011\166\204\154\102\211\343}{}% 25
\BOOKMARK [1][-]{section.8}{\376\377\152\041\127\213\213\304\116\367\116\016\145\071\217\333}{}% 26
\BOOKMARK [2][-]{subsection.8.1}{\376\377\152\041\127\213\117\030\160\271}{section.8}% 27
\BOOKMARK [2][-]{subsection.8.2}{\376\377\152\041\127\213\116\015\215\263\116\016\145\071\217\333}{section.8}% 28
\BOOKMARK [1][-]{appendix.A}{\376\377\204\231\162\171\123\141\155\033\121\111\176\277\217\375\216\052\173\227\154\325}{}% 29
\BOOKMARK [1][-]{appendix.B}{\376\377\135\356\122\006\217\333\123\026\173\227\154\325\123\302\145\160}{}% 30
\BOOKMARK [1][-]{appendix.C}{\376\377\121\163\225\056\145\160\120\074\176\323\147\234\154\107\140\073}{}% 31
