\BOOKMARK [1][-]{section.1}{\376\377\225\356\230\230\221\315\217\360}{}% 1
\BOOKMARK [1][-]{section.2}{\376\377\152\041\127\213\120\107\213\276\116\016\173\046\123\367\213\364\146\016}{}% 2
\BOOKMARK [2][-]{subsection.2.1}{\376\377\152\041\127\213\120\107\213\276}{section.2}% 3
\BOOKMARK [2][-]{subsection.2.2}{\376\377\173\046\123\367\213\364\146\016}{section.2}% 4
\BOOKMARK [1][-]{section.3}{\376\377\145\271\154\325\150\106\147\266\140\073\211\310}{}% 5
\BOOKMARK [2][-]{subsection.3.1}{\376\377\000W\000a\000l\000d\136\217\215\057\151\202\163\207\153\324\150\300\232\214\000\050\000S\000P\000R\000T\000\051}{section.3}% 6
\BOOKMARK [3][-]{subsubsection.3.1.1}{\376\377\152\041\127\213\136\372\172\313}{subsection.3.1}% 7
\BOOKMARK [3][-]{subsubsection.3.1.2}{\376\377\144\315\117\134\162\171\140\047\000\050\000O\000C\000\051\121\375\145\160\116\016\136\163\127\107\150\067\147\054\221\317\000\050\000A\000S\000N\000\051}{subsection.3.1}% 8
\BOOKMARK [2][-]{subsection.3.2}{\376\377\215\035\123\366\145\257\147\000\117\030\120\134\153\142\152\041\127\213}{section.3}% 9
\BOOKMARK [2][-]{subsection.3.3}{\376\377\152\041\127\213\154\102\211\343\116\016\176\323\147\234\122\006\147\220}{section.3}% 10
\BOOKMARK [1][-]{section.4}{\376\377\225\356\230\230\0002\377\032\116\044\226\366\221\115\116\366\165\037\116\247\217\307\172\013\121\263\173\126\117\030\123\026}{}% 11
\BOOKMARK [2][-]{subsection.4.1}{\376\377\147\037\147\033\122\051\155\246\220\022\137\122\152\041\127\213}{section.4}% 12
\BOOKMARK [3][-]{subsubsection.4.1.1}{\376\377\121\263\173\126\123\330\221\317\116\016\226\366\221\115\116\366\147\011\145\110\142\020\147\054}{subsection.4.1}% 13
\BOOKMARK [3][-]{subsubsection.4.1.2}{\376\377\210\305\221\115\142\020\122\237\151\202\163\207}{subsection.4.1}% 14
\BOOKMARK [3][-]{subsubsection.4.1.3}{\376\377\147\037\147\033\140\073\142\020\147\054\220\022\137\122\145\271\172\013}{subsection.4.1}% 15
\BOOKMARK [2][-]{subsection.4.2}{\376\377\165\037\116\247\121\263\173\126\155\101\172\013}{section.4}% 16
\BOOKMARK [2][-]{subsection.4.3}{\376\377\152\041\127\213\154\102\211\343\116\016\121\263\173\126\176\323\147\234}{section.4}% 17
\BOOKMARK [2][-]{subsection.4.4}{\376\377\121\263\173\126\211\304\137\213\122\006\147\220}{section.4}% 18
\BOOKMARK [2][-]{subsection.4.5}{\376\377\123\314\123\302\145\160\200\124\124\010\145\117\141\037\140\047\122\006\147\220}{section.4}% 19
\BOOKMARK [1][-]{section.5}{\376\377\225\356\230\230\0003\377\032\210\305\221\115\150\021\176\323\147\204\166\204\165\037\116\247\121\263\173\126\117\030\123\026}{}% 20
\BOOKMARK [2][-]{subsection.5.1}{\376\377\210\305\221\115\150\021\152\041\127\213}{section.5}% 21
\BOOKMARK [2][-]{subsection.5.2}{\376\377\121\150\134\100\147\232\116\076\000+\134\100\220\350\000D\000P\155\367\124\010\173\227\154\325}{section.5}% 22
\BOOKMARK [2][-]{subsection.5.3}{\376\377\0002\135\345\136\217\0008\226\366\221\115\116\366\140\305\137\142\154\102\211\343}{section.5}% 23
\BOOKMARK [2][-]{subsection.5.4}{\376\377\173\126\165\145\133\371\153\324\116\016\176\323\147\234\122\006\147\220}{section.5}% 24
\BOOKMARK [1][-]{section.6}{\376\377\225\356\230\230\0004\377\032\200\003\206\121\142\275\150\067\116\015\170\156\133\232\140\047\166\204\176\374\124\010\121\263\173\126}{}% 25
\BOOKMARK [2][-]{subsection.6.1}{\376\377\215\035\123\366\145\257\124\016\232\214\040\023\204\231\162\171\123\141\155\033\150\106\147\266}{section.6}% 26
\BOOKMARK [2][-]{subsection.6.2}{\376\377\124\016\232\214\122\006\136\003\123\357\211\306\123\026}{section.6}% 27
\BOOKMARK [2][-]{subsection.6.3}{\376\377\225\356\230\230\0002\166\204\204\231\162\171\123\141\155\033\176\323\147\234}{section.6}% 28
\BOOKMARK [2][-]{subsection.6.4}{\376\377\234\201\150\322\140\047\122\006\147\220}{section.6}% 29
\BOOKMARK [2][-]{subsection.6.5}{\376\377\121\263\173\126\217\271\165\114\122\006\147\220}{section.6}% 30
\BOOKMARK [2][-]{subsection.6.6}{\376\377\000W\000a\000s\000s\000e\000r\000s\000t\000e\000i\000n\122\006\136\003\234\201\150\322\117\030\123\026}{section.6}% 31
\BOOKMARK [2][-]{subsection.6.7}{\376\377\225\356\230\230\0003\166\204\116\015\170\156\133\232\140\047\122\006\147\220}{section.6}% 32
\BOOKMARK [1][-]{section.7}{\376\377\152\041\127\213\213\304\116\367\116\016\145\071\217\333}{}% 33
\BOOKMARK [2][-]{subsection.7.1}{\376\377\152\041\127\213\117\030\160\271}{section.7}% 34
\BOOKMARK [2][-]{subsection.7.2}{\376\377\152\041\127\213\134\100\226\120\116\016\145\071\217\333\145\271\124\021}{section.7}% 35
\BOOKMARK [1][-]{section.8}{\376\377\176\323\213\272}{}% 36
\BOOKMARK [1][-]{appendix.A}{\376\377\150\070\137\303\116\343\170\001\176\323\147\204}{}% 37
\BOOKMARK [1][-]{appendix.B}{\376\377\121\163\225\056\173\227\154\325\117\052\116\343\170\001}{}% 38
\BOOKMARK [2][-]{subsection.B.1}{\376\377\173\227\154\325\0001\377\032\000W\000a\000l\000d\136\217\215\057\151\202\163\207\153\324\150\300\232\214\000\050\000S\000P\000R\000T\000\051}{appendix.B}% 39
\BOOKMARK [2][-]{subsection.B.2}{\376\377\173\227\154\325\0002\377\032\210\305\221\115\150\021\121\150\134\100\147\232\116\076\000+\134\100\220\350\000D\000P\155\367\124\010\173\227\154\325}{appendix.B}% 40
\BOOKMARK [2][-]{subsection.B.3}{\376\377\173\227\154\325\0003\377\032\215\035\123\366\145\257\124\016\232\214\040\023\204\231\162\171\123\141\155\033\116\015\170\156\133\232\140\047\117\040\144\255}{appendix.B}% 41
\BOOKMARK [1][-]{appendix.C}{\376\377\225\356\230\230\0002\147\037\147\033\122\051\155\246\121\154\137\017\166\204\133\214\145\164\143\250\133\374}{}% 42
