\BOOKMARK [1][-]{section.1}{\376\377\225\356\230\230\221\315\217\360}{}% 1
\BOOKMARK [2][-]{subsection.1.1}{\376\377\225\356\230\230\200\314\146\157}{section.1}% 2
\BOOKMARK [2][-]{subsection.1.2}{\376\377\227\000\211\201\211\343\121\263\166\204\225\356\230\230}{section.1}% 3
\BOOKMARK [1][-]{section.2}{\376\377\152\041\127\213\120\107\213\276\116\016\173\046\123\367\213\364\146\016}{}% 4
\BOOKMARK [2][-]{subsection.2.1}{\376\377\152\041\127\213\120\107\213\276}{section.2}% 5
\BOOKMARK [2][-]{subsection.2.2}{\376\377\173\046\123\367\213\364\146\016}{section.2}% 6
\BOOKMARK [1][-]{section.3}{\376\377\145\160\143\156\230\204\131\004\164\006}{}% 7
\BOOKMARK [2][-]{subsection.3.1}{\376\377\0002\0000\0002\0003\136\164\127\372\121\306\145\160\143\156\213\241\173\227}{section.3}% 8
\BOOKMARK [2][-]{subsection.3.2}{\376\377\200\025\127\060\000-\117\134\162\151\121\174\133\271\140\047\167\351\226\065}{section.3}% 9
\BOOKMARK [2][-]{subsection.3.3}{\376\377\214\106\174\173\145\366\224\237\122\035\131\313\123\026}{section.3}% 10
\BOOKMARK [1][-]{section.4}{\376\377\225\356\230\230\0001\377\032\170\156\133\232\140\047\117\030\123\026\152\041\127\213}{}% 11
\BOOKMARK [2][-]{subsection.4.1}{\376\377\152\041\127\213\136\372\172\313}{section.4}% 12
\BOOKMARK [2][-]{subsection.4.2}{\376\377\142\311\150\074\147\027\145\345\147\176\137\033\173\227\154\325}{section.4}% 13
\BOOKMARK [3][-]{subsubsection.4.2.1}{\376\377\127\060\127\127\176\247\122\250\140\001\211\304\122\022}{subsection.4.2}% 14
\BOOKMARK [3][-]{subsubsection.4.2.2}{\376\377\153\041\150\257\136\246\146\364\145\260}{subsection.4.2}% 15
\BOOKMARK [3][-]{subsubsection.4.2.3}{\376\377\123\357\210\114\211\343\217\330\123\237}{subsection.4.2}% 16
\BOOKMARK [2][-]{subsection.4.3}{\376\377\154\102\211\343\176\323\147\234\116\016\147\201\172\357\173\126\165\145\133\371\153\324}{section.4}% 17
\BOOKMARK [3][-]{subsubsection.4.3.1}{\376\377\116\044\171\315\140\305\146\157\133\371\153\324}{subsection.4.3}% 18
\BOOKMARK [3][-]{subsubsection.4.3.2}{\376\377\147\201\172\357\173\126\165\145\133\371\153\324\232\214\213\301}{subsection.4.3}% 19
\BOOKMARK [1][-]{section.5}{\376\377\225\356\230\230\0002\377\032\116\015\170\156\133\232\140\047\116\013\166\204\234\201\150\322\117\030\123\026}{}% 20
\BOOKMARK [2][-]{subsection.5.1}{\376\377\116\015\170\156\133\232\140\047\126\340\175\040\136\372\152\041}{section.5}% 21
\BOOKMARK [2][-]{subsection.5.2}{\376\377\201\352\161\066\160\176\133\263\230\316\226\151\136\372\152\041}{section.5}% 22
\BOOKMARK [3][-]{subsubsection.5.2.1}{\376\377\133\322\157\156\230\316\226\151}{subsection.5.2}% 23
\BOOKMARK [3][-]{subsubsection.5.2.2}{\376\377\136\162\145\361\230\316\226\151}{subsection.5.2}% 24
\BOOKMARK [2][-]{subsection.5.3}{\376\377\121\163\225\056\123\302\145\160\131\032\211\322\136\246\213\272\213\301}{section.5}% 25
\BOOKMARK [3][-]{subsubsection.5.3.1}{\376\377\234\201\150\322\117\335\142\244\154\064\136\163\000\040\000G\000a\000m\000m\000a\000\040\166\204\220\011\142\351}{subsection.5.3}% 26
\BOOKMARK [3][-]{subsubsection.5.3.2}{\376\377\201\352\161\066\160\176\133\263\151\202\163\207\123\302\145\160}{subsection.5.3}% 27
\BOOKMARK [3][-]{subsubsection.5.3.3}{\376\377\146\377\116\343\137\071\140\047\000\040\000s\000i\000g\000m\000a\000\040\166\204\220\011\142\351}{subsection.5.3}% 28
\BOOKMARK [3][-]{subsubsection.5.3.4}{\376\377\214\106\174\173\130\236\116\247\174\373\145\160\000\040\000b\000e\000t\000a\000\040\166\204\220\011\142\351}{subsection.5.3}% 29
\BOOKMARK [2][-]{subsection.5.4}{\376\377\000B\000e\000r\000t\000s\000i\000m\000a\000s\000-\000S\000i\000m\234\201\150\322\117\030\123\026\152\041\127\213}{section.5}% 30
\BOOKMARK [2][-]{subsection.5.5}{\376\377\204\231\162\171\123\141\155\033\232\214\213\301}{section.5}% 31
\BOOKMARK [2][-]{subsection.5.6}{\376\377\221\315\211\201\140\047\221\307\150\067\145\071\217\333\134\076\220\350\117\060\213\241}{section.5}% 32
\BOOKMARK [2][-]{subsection.5.7}{\376\377\116\044\226\066\153\265\226\217\147\072\211\304\122\022\122\006\147\220}{section.5}% 33
\BOOKMARK [2][-]{subsection.5.8}{\376\377\176\323\147\234\122\006\147\220\116\016\121\263\173\126\122\007\143\142\160\271}{section.5}% 34
\BOOKMARK [1][-]{section.6}{\376\377\225\356\230\230\0003\377\032\166\370\121\163\140\047\116\016\146\377\116\343\140\047\136\372\152\041}{}% 35
\BOOKMARK [2][-]{subsection.6.1}{\376\377\000t\000-\000C\000o\000p\000u\000l\000a\166\370\121\163\127\072\146\157\165\037\142\020}{section.6}% 36
\BOOKMARK [2][-]{subsection.6.2}{\376\377\146\377\116\343\124\301\116\016\116\222\210\145\124\301\174\276\176\306\122\006\174\173}{section.6}% 37
\BOOKMARK [3][-]{subsubsection.6.2.1}{\376\377\146\377\116\343\124\301\122\006\176\304\377\010\176\304\121\205\123\357\116\222\166\370\146\377\116\343\377\011}{subsection.6.2}% 38
\BOOKMARK [3][-]{subsubsection.6.2.2}{\376\377\116\222\210\145\124\301\122\006\176\304\377\010\176\304\121\205\116\000\203\143\117\361\203\143\060\001\116\000\143\137\117\361\143\137\377\011}{subsection.6.2}% 39
\BOOKMARK [2][-]{subsection.6.3}{\376\377\146\377\143\142\145\110\136\224\133\374\201\364\122\051\155\246\116\013\226\115\166\204\147\072\122\066}{section.6}% 40
\BOOKMARK [2][-]{subsection.6.4}{\376\377\116\016\225\356\230\230\0002\166\204\153\324\217\203\122\006\147\220}{section.6}% 41
\BOOKMARK [2][-]{subsection.6.5}{\376\377\000t\000-\000C\000o\000p\000u\000l\000a\116\016\000G\000a\000u\000s\000s\000i\000a\000n\000\040\000C\000o\000p\000u\000l\000a\133\371\153\324}{section.6}% 42
\BOOKMARK [2][-]{subsection.6.6}{\376\377\120\107\213\276\166\204\221\317\123\026\213\304\117\060}{section.6}% 43
\BOOKMARK [1][-]{section.7}{\376\377\160\165\145\117\136\246\122\006\147\220}{}% 44
\BOOKMARK [2][-]{subsection.7.1}{\376\377\146\377\116\343\137\071\140\047\116\016\214\106\174\173\130\236\116\247\174\373\145\160\166\204\160\165\145\117\136\246}{section.7}% 45
\BOOKMARK [2][-]{subsection.7.2}{\376\377\121\163\225\056\123\302\145\160\160\165\145\117\136\246}{section.7}% 46
\BOOKMARK [2][-]{subsection.7.3}{\376\377\173\227\154\325\123\357\142\151\134\125\140\047\122\006\147\220}{section.7}% 47
\BOOKMARK [1][-]{section.8}{\376\377\152\041\127\213\213\304\116\367\116\016\145\071\217\333\145\271\124\021}{}% 48
\BOOKMARK [2][-]{subsection.8.1}{\376\377\152\041\127\213\117\030\160\271}{section.8}% 49
\BOOKMARK [2][-]{subsection.8.2}{\376\377\152\041\127\213\134\100\226\120\116\016\145\071\217\333}{section.8}% 50
\BOOKMARK [1][-]{section.9}{\376\377\176\323\213\272}{}% 51
\BOOKMARK [1][-]{appendix.A}{\376\377\210\145\121\105\126\376\210\150}{}% 52
