\BOOKMARK [1][-]{section.1}{\376\377\225\356\230\230\221\315\217\360}{}% 1
\BOOKMARK [1][-]{section.2}{\376\377\225\356\230\230\122\006\147\220}{}% 2
\BOOKMARK [1][-]{section.3}{\376\377\152\041\127\213\120\107\213\276\116\016\173\046\123\367\213\364\146\016}{}% 3
\BOOKMARK [2][-]{subsection.3.1}{\376\377\152\041\127\213\120\107\213\276}{section.3}% 4
\BOOKMARK [2][-]{subsection.3.2}{\376\377\173\046\123\367\213\364\146\016}{section.3}% 5
\BOOKMARK [1][-]{section.4}{\376\377\225\356\230\230\116\000\377\032\211\206\166\326\133\275\136\246\116\016\221\315\123\340\163\207\166\204\145\160\133\146\152\041\127\213}{}% 6
\BOOKMARK [2][-]{subsection.4.1}{\376\377\127\372\121\306\152\041\127\213\377\032\136\163\127\146\155\167\136\225}{section.4}% 7
\BOOKMARK [2][-]{subsection.4.2}{\376\377\145\071\217\333\152\041\127\213\377\032\127\141\136\246\116\013\166\204\134\004\176\277\040\024\145\234\227\142\154\102\116\244}{section.4}% 8
\BOOKMARK [2][-]{subsection.4.3}{\376\377\152\041\127\213\133\371\153\324\116\016\127\141\136\246\160\165\145\117\136\246}{section.4}% 9
\BOOKMARK [2][-]{subsection.4.4}{\376\377\221\315\123\340\163\207\152\041\127\213\116\016\213\241\173\227\176\323\147\234}{section.4}% 10
\BOOKMARK [1][-]{section.5}{\376\377\225\356\230\230\116\214\377\032\116\373\141\017\155\113\176\277\145\271\124\021\116\013\166\204\211\206\166\326\133\275\136\246}{}% 11
\BOOKMARK [2][-]{subsection.5.1}{\376\377\127\372\121\306\152\041\127\213\377\032\154\277\173\111\232\330\176\277\166\204\162\171\117\213}{section.5}% 12
\BOOKMARK [2][-]{subsection.5.2}{\376\377\145\071\217\333\152\041\127\213\377\032\211\306\127\141\136\246\116\016\117\115\177\156\166\370\121\163\154\064\155\361}{section.5}% 13
\BOOKMARK [2][-]{subsection.5.3}{\376\377\213\241\173\227\176\323\147\234\116\016\122\006\147\220}{section.5}% 14
\BOOKMARK [1][-]{section.6}{\376\377\225\356\230\230\116\011\377\032\127\107\123\000\145\234\227\142\166\204\147\000\167\355\155\113\176\277\213\276\213\241}{}% 15
\BOOKMARK [2][-]{subsection.6.1}{\376\377\127\372\121\306\152\041\127\213\377\032\116\044\171\315\173\111\225\364\215\335\136\003\213\276\154\325}{section.6}% 16
\BOOKMARK [2][-]{subsection.6.2}{\376\377\145\071\217\333\152\041\127\213\377\032\123\330\225\364\215\335\215\052\137\303\136\003\213\276}{section.6}% 17
\BOOKMARK [2][-]{subsection.6.3}{\376\377\152\041\127\213\133\371\153\324}{section.6}% 18
\BOOKMARK [2][-]{subsection.6.4}{\376\377\221\315\123\340\163\207\116\013\226\120\166\204\160\165\145\117\136\246}{section.6}% 19
\BOOKMARK [1][-]{section.7}{\376\377\225\356\230\230\126\333\377\032\167\037\133\236\155\167\136\225\127\060\137\142\166\204\155\113\176\277\213\276\213\241}{}% 20
\BOOKMARK [2][-]{subsection.7.1}{\376\377\145\160\143\156\162\171\137\201\116\016\155\113\176\277\145\271\124\021}{section.7}% 21
\BOOKMARK [2][-]{subsection.7.2}{\376\377\220\020\160\271\211\206\166\326\133\275\136\246}{section.7}% 22
\BOOKMARK [2][-]{subsection.7.3}{\376\377\123\330\225\364\215\335\136\003\213\276\116\016\116\011\173\126\165\145\133\371\153\324}{section.7}% 23
\BOOKMARK [2][-]{subsection.7.4}{\376\377\122\250\140\001\211\304\122\022\174\276\170\156\211\343\232\214\213\301}{section.7}% 24
\BOOKMARK [2][-]{subsection.7.5}{\376\377\147\000\176\310\145\271\150\110\116\016\143\007\150\007}{section.7}% 25
\BOOKMARK [2][-]{subsection.7.6}{\376\377\211\304\203\003\133\371\161\147\116\016\210\145\155\113\213\276\213\241}{section.7}% 26
\BOOKMARK [1][-]{section.8}{\376\377\160\165\145\117\136\246\122\006\147\220\116\016\234\201\150\322\140\047}{}% 27
\BOOKMARK [2][-]{subsection.8.1}{\376\377\127\141\136\246\116\016\137\000\211\322\166\204\137\161\124\315}{section.8}% 28
\BOOKMARK [2][-]{subsection.8.2}{\376\377\221\315\123\340\163\207\116\013\226\120\166\204\137\161\124\315}{section.8}% 29
\BOOKMARK [2][-]{subsection.8.3}{\376\377\225\364\215\335\174\373\145\160\166\204\137\161\124\315}{section.8}% 30
\BOOKMARK [1][-]{section.9}{\376\377\152\041\127\213\213\304\116\367\116\016\145\071\217\333}{}% 31
\BOOKMARK [2][-]{subsection.9.1}{\376\377\152\041\127\213\117\030\160\271}{section.9}% 32
\BOOKMARK [2][-]{subsection.9.2}{\376\377\173\227\154\325\131\015\147\102\136\246\116\016\123\357\142\151\134\125\140\047}{section.9}% 33
\BOOKMARK [2][-]{subsection.9.3}{\376\377\152\041\127\213\116\015\215\263\116\016\145\071\217\333\145\271\124\021}{section.9}% 34
\BOOKMARK [1][-]{section.10}{\376\377\176\323\213\272}{}% 35
