This is pdfTeX, Version 3.141592653-2.6-1.40.29 (MiKTeX 26.5) (preloaded format=pdflatex 2026.8.7)  7 AUG 2026 10:43
entering extended mode
 restricted \write18 enabled.
 %&-line parsing enabled.
**./paper.tex
(paper.tex
LaTeX2e <2026-06-01>
L3 programming layer <2026-06-18>
(D:\CTEX\MiKTeX\tex/latex/ctex\ctexart.cls
(D:\CTEX\MiKTeX\tex/latex/ctex/config\ctexbackend.cfg
File: ctexbackend.cfg 2026/07/15 v2.6.4 Backend configuration file (CTEX)
)
(D:\CTEX\MiKTeX\tex/latex/l3kernel\expl3.sty
Package: expl3 2026-06-18 L3 programming layer (loader) 

(D:\CTEX\MiKTeX\tex/latex/l3backend\l3backend-pdftex.def
File: l3backend-pdftex.def 2026-02-18 L3 backend support: PDF output (pdfTeX)
\l__color_backend_stack_int=\count276
))
Document Class: ctexart 2026/07/14 v2.6.4 Chinese adapter for class article (CT
EX)
(D:\CTEX\MiKTeX\tex/latex/ctex\ctexhook.sty
Package: ctexhook 2026/07/13 v2.6.4 Document and package hooks (CTEX)
)
(D:\CTEX\MiKTeX\tex/latex/ctex\ctexpatch.sty
Package: ctexpatch 2026/07/13 v2.6.4 Patching commands (CTEX)
)
(D:\CTEX\MiKTeX\tex/latex/base\fix-cm.sty
Package: fix-cm 2020/11/24 v1.1t fixes to LaTeX

(D:\CTEX\MiKTeX\tex/latex/base\ts1enc.def
File: ts1enc.def 2001/06/05 v3.0e (jk/car/fm) Standard LaTeX file
LaTeX Font Info:    Redeclaring font encoding TS1 on input line 47.
LaTeX Encoding Info:    Redeclaring text command \capitalcedilla (encoding TS1)
 on input line 49.
LaTeX Encoding Info:    Redeclaring text command \capitalogonek (encoding TS1) 
on input line 52.
LaTeX Encoding Info:    Redeclaring text command \capitalgrave (encoding TS1) o
n input line 55.
LaTeX Encoding Info:    Redeclaring text command \capitalacute (encoding TS1) o
n input line 56.
LaTeX Encoding Info:    Redeclaring text command \capitalcircumflex (encoding T
S1) on input line 57.
LaTeX Encoding Info:    Redeclaring text command \capitaltilde (encoding TS1) o
n input line 58.
LaTeX Encoding Info:    Redeclaring text command \capitaldieresis (encoding TS1
) on input line 59.
LaTeX Encoding Info:    Redeclaring text command \capitalhungarumlaut (encoding
 TS1) on input line 60.
LaTeX Encoding Info:    Redeclaring text command \capitalring (encoding TS1) on
 input line 61.
LaTeX Encoding Info:    Redeclaring text command \capitalcaron (encoding TS1) o
n input line 62.
LaTeX Encoding Info:    Redeclaring text command \capitalbreve (encoding TS1) o
n input line 63.
LaTeX Encoding Info:    Redeclaring text command \capitalmacron (encoding TS1) 
on input line 64.
LaTeX Encoding Info:    Redeclaring text command \capitaldotaccent (encoding TS
1) on input line 65.
LaTeX Encoding Info:    Redeclaring text command \t (encoding TS1) on input lin
e 66.
LaTeX Encoding Info:    Redeclaring text command \capitaltie (encoding TS1) on 
input line 67.
LaTeX Encoding Info:    Redeclaring text command \newtie (encoding TS1) on inpu
t line 68.
LaTeX Encoding Info:    Redeclaring text command \capitalnewtie (encoding TS1) 
on input line 69.
LaTeX Encoding Info:    Redeclaring text symbol \textcapitalcompwordmark (encod
ing TS1) on input line 70.
LaTeX Encoding Info:    Redeclaring text symbol \textascendercompwordmark (enco
ding TS1) on input line 71.
LaTeX Encoding Info:    Redeclaring text symbol \textquotestraightbase (encodin
g TS1) on input line 72.
LaTeX Encoding Info:    Redeclaring text symbol \textquotestraightdblbase (enco
ding TS1) on input line 73.
LaTeX Encoding Info:    Redeclaring text symbol \texttwelveudash (encoding TS1)
 on input line 74.
LaTeX Encoding Info:    Redeclaring text symbol \textthreequartersemdash (encod
ing TS1) on input line 75.
LaTeX Encoding Info:    Redeclaring text symbol \textleftarrow (encoding TS1) o
n input line 76.
LaTeX Encoding Info:    Redeclaring text symbol \textrightarrow (encoding TS1) 
on input line 77.
LaTeX Encoding Info:    Redeclaring text symbol \textblank (encoding TS1) on in
put line 78.
LaTeX Encoding Info:    Redeclaring text symbol \textdollar (encoding TS1) on i
nput line 79.
LaTeX Encoding Info:    Redeclaring text symbol \textquotesingle (encoding TS1)
 on input line 80.
LaTeX Encoding Info:    Redeclaring text command \textasteriskcentered (encodin
g TS1) on input line 81.
LaTeX Encoding Info:    Redeclaring text symbol \textdblhyphen (encoding TS1) o
n input line 92.
LaTeX Encoding Info:    Redeclaring text symbol \textfractionsolidus (encoding 
TS1) on input line 93.
LaTeX Encoding Info:    Redeclaring text symbol \textzerooldstyle (encoding TS1
) on input line 94.
LaTeX Encoding Info:    Redeclaring text symbol \textoneoldstyle (encoding TS1)
 on input line 95.
LaTeX Encoding Info:    Redeclaring text symbol \texttwooldstyle (encoding TS1)
 on input line 96.
LaTeX Encoding Info:    Redeclaring text symbol \textthreeoldstyle (encoding TS
1) on input line 97.
LaTeX Encoding Info:    Redeclaring text symbol \textfouroldstyle (encoding TS1
) on input line 98.
LaTeX Encoding Info:    Redeclaring text symbol \textfiveoldstyle (encoding TS1
) on input line 99.
LaTeX Encoding Info:    Redeclaring text symbol \textsixoldstyle (encoding TS1)
 on input line 100.
LaTeX Encoding Info:    Redeclaring text symbol \textsevenoldstyle (encoding TS
1) on input line 101.
LaTeX Encoding Info:    Redeclaring text symbol \texteightoldstyle (encoding TS
1) on input line 102.
LaTeX Encoding Info:    Redeclaring text symbol \textnineoldstyle (encoding TS1
) on input line 103.
LaTeX Encoding Info:    Redeclaring text symbol \textlangle (encoding TS1) on i
nput line 104.
LaTeX Encoding Info:    Redeclaring text symbol \textminus (encoding TS1) on in
put line 105.
LaTeX Encoding Info:    Redeclaring text symbol \textrangle (encoding TS1) on i
nput line 106.
LaTeX Encoding Info:    Redeclaring text symbol \textmho (encoding TS1) on inpu
t line 107.
LaTeX Encoding Info:    Redeclaring text symbol \textbigcircle (encoding TS1) o
n input line 108.
LaTeX Encoding Info:    Redeclaring text command \textcircled (encoding TS1) on
 input line 109.
LaTeX Encoding Info:    Redeclaring text symbol \textohm (encoding TS1) on inpu
t line 115.
LaTeX Encoding Info:    Redeclaring text symbol \textlbrackdbl (encoding TS1) o
n input line 116.
LaTeX Encoding Info:    Redeclaring text symbol \textrbrackdbl (encoding TS1) o
n input line 117.
LaTeX Encoding Info:    Redeclaring text symbol \textuparrow (encoding TS1) on 
input line 118.
LaTeX Encoding Info:    Redeclaring text symbol \textdownarrow (encoding TS1) o
n input line 119.
LaTeX Encoding Info:    Redeclaring text symbol \textasciigrave (encoding TS1) 
on input line 120.
LaTeX Encoding Info:    Redeclaring text symbol \textborn (encoding TS1) on inp
ut line 121.
LaTeX Encoding Info:    Redeclaring text symbol \textdivorced (encoding TS1) on
 input line 122.
LaTeX Encoding Info:    Redeclaring text symbol \textdied (encoding TS1) on inp
ut line 123.
LaTeX Encoding Info:    Redeclaring text symbol \textleaf (encoding TS1) on inp
ut line 124.
LaTeX Encoding Info:    Redeclaring text symbol \textmarried (encoding TS1) on 
input line 125.
LaTeX Encoding Info:    Redeclaring text symbol \textmusicalnote (encoding TS1)
 on input line 126.
LaTeX Encoding Info:    Redeclaring text symbol \texttildelow (encoding TS1) on
 input line 127.
LaTeX Encoding Info:    Redeclaring text symbol \textdblhyphenchar (encoding TS
1) on input line 128.
LaTeX Encoding Info:    Redeclaring text symbol \textasciibreve (encoding TS1) 
on input line 129.
LaTeX Encoding Info:    Redeclaring text symbol \textasciicaron (encoding TS1) 
on input line 130.
LaTeX Encoding Info:    Redeclaring text symbol \textacutedbl (encoding TS1) on
 input line 131.
LaTeX Encoding Info:    Redeclaring text symbol \textgravedbl (encoding TS1) on
 input line 132.
LaTeX Encoding Info:    Redeclaring text symbol \textdagger (encoding TS1) on i
nput line 133.
LaTeX Encoding Info:    Redeclaring text symbol \textdaggerdbl (encoding TS1) o
n input line 134.
LaTeX Encoding Info:    Redeclaring text symbol \textbardbl (encoding TS1) on i
nput line 135.
LaTeX Encoding Info:    Redeclaring text symbol \textperthousand (encoding TS1)
 on input line 136.
LaTeX Encoding Info:    Redeclaring text symbol \textbullet (encoding TS1) on i
nput line 137.
LaTeX Encoding Info:    Redeclaring text symbol \textcelsius (encoding TS1) on 
input line 138.
LaTeX Encoding Info:    Redeclaring text symbol \textdollaroldstyle (encoding T
S1) on input line 139.
LaTeX Encoding Info:    Redeclaring text symbol \textcentoldstyle (encoding TS1
) on input line 140.
LaTeX Encoding Info:    Redeclaring text symbol \textflorin (encoding TS1) on i
nput line 141.
LaTeX Encoding Info:    Redeclaring text symbol \textcolonmonetary (encoding TS
1) on input line 142.
LaTeX Encoding Info:    Redeclaring text symbol \textwon (encoding TS1) on inpu
t line 143.
LaTeX Encoding Info:    Redeclaring text symbol \textnaira (encoding TS1) on in
put line 144.
LaTeX Encoding Info:    Redeclaring text symbol \textguarani (encoding TS1) on 
input line 145.
LaTeX Encoding Info:    Redeclaring text symbol \textpeso (encoding TS1) on inp
ut line 146.
LaTeX Encoding Info:    Redeclaring text symbol \textlira (encoding TS1) on inp
ut line 147.
LaTeX Encoding Info:    Redeclaring text symbol \textrecipe (encoding TS1) on i
nput line 148.
LaTeX Encoding Info:    Redeclaring text symbol \textinterrobang (encoding TS1)
 on input line 149.
LaTeX Encoding Info:    Redeclaring text symbol \textinterrobangdown (encoding 
TS1) on input line 150.
LaTeX Encoding Info:    Redeclaring text symbol \textdong (encoding TS1) on inp
ut line 151.
LaTeX Encoding Info:    Redeclaring text symbol \texttrademark (encoding TS1) o
n input line 152.
LaTeX Encoding Info:    Redeclaring text symbol \textpertenthousand (encoding T
S1) on input line 153.
LaTeX Encoding Info:    Redeclaring text symbol \textpilcrow (encoding TS1) on 
input line 154.
LaTeX Encoding Info:    Redeclaring text symbol \textbaht (encoding TS1) on inp
ut line 155.
LaTeX Encoding Info:    Redeclaring text symbol \textnumero (encoding TS1) on i
nput line 156.
LaTeX Encoding Info:    Redeclaring text symbol \textdiscount (encoding TS1) on
 input line 157.
LaTeX Encoding Info:    Redeclaring text symbol \textestimated (encoding TS1) o
n input line 158.
LaTeX Encoding Info:    Redeclaring text symbol \textopenbullet (encoding TS1) 
on input line 159.
LaTeX Encoding Info:    Redeclaring text symbol \textservicemark (encoding TS1)
 on input line 160.
LaTeX Encoding Info:    Redeclaring text symbol \textlquill (encoding TS1) on i
nput line 161.
LaTeX Encoding Info:    Redeclaring text symbol \textrquill (encoding TS1) on i
nput line 162.
LaTeX Encoding Info:    Redeclaring text symbol \textcent (encoding TS1) on inp
ut line 163.
LaTeX Encoding Info:    Redeclaring text symbol \textsterling (encoding TS1) on
 input line 164.
LaTeX Encoding Info:    Redeclaring text symbol \textcurrency (encoding TS1) on
 input line 165.
LaTeX Encoding Info:    Redeclaring text symbol \textyen (encoding TS1) on inpu
t line 166.
LaTeX Encoding Info:    Redeclaring text symbol \textbrokenbar (encoding TS1) o
n input line 167.
LaTeX Encoding Info:    Redeclaring text symbol \textsection (encoding TS1) on 
input line 168.
LaTeX Encoding Info:    Redeclaring text symbol \textasciidieresis (encoding TS
1) on input line 169.
LaTeX Encoding Info:    Redeclaring text symbol \textcopyright (encoding TS1) o
n input line 170.
LaTeX Encoding Info:    Redeclaring text symbol \textordfeminine (encoding TS1)
 on input line 171.
LaTeX Encoding Info:    Redeclaring text symbol \textcopyleft (encoding TS1) on
 input line 172.
LaTeX Encoding Info:    Redeclaring text symbol \textlnot (encoding TS1) on inp
ut line 173.
LaTeX Encoding Info:    Redeclaring text symbol \textcircledP (encoding TS1) on
 input line 174.
LaTeX Encoding Info:    Redeclaring text symbol \textregistered (encoding TS1) 
on input line 175.
LaTeX Encoding Info:    Redeclaring text symbol \textasciimacron (encoding TS1)
 on input line 176.
LaTeX Encoding Info:    Redeclaring text symbol \textdegree (encoding TS1) on i
nput line 177.
LaTeX Encoding Info:    Redeclaring text symbol \textpm (encoding TS1) on input
 line 178.
LaTeX Encoding Info:    Redeclaring text symbol \texttwosuperior (encoding TS1)
 on input line 179.
LaTeX Encoding Info:    Redeclaring text symbol \textthreesuperior (encoding TS
1) on input line 180.
LaTeX Encoding Info:    Redeclaring text symbol \textasciiacute (encoding TS1) 
on input line 181.
LaTeX Encoding Info:    Redeclaring text symbol \textmu (encoding TS1) on input
 line 182.
LaTeX Encoding Info:    Redeclaring text symbol \textparagraph (encoding TS1) o
n input line 183.
LaTeX Encoding Info:    Redeclaring text symbol \textperiodcentered (encoding T
S1) on input line 184.
LaTeX Encoding Info:    Redeclaring text symbol \textreferencemark (encoding TS
1) on input line 185.
LaTeX Encoding Info:    Redeclaring text symbol \textonesuperior (encoding TS1)
 on input line 186.
LaTeX Encoding Info:    Redeclaring text symbol \textordmasculine (encoding TS1
) on input line 187.
LaTeX Encoding Info:    Redeclaring text symbol \textsurd (encoding TS1) on inp
ut line 188.
LaTeX Encoding Info:    Redeclaring text symbol \textonequarter (encoding TS1) 
on input line 189.
LaTeX Encoding Info:    Redeclaring text symbol \textonehalf (encoding TS1) on 
input line 190.
LaTeX Encoding Info:    Redeclaring text symbol \textthreequarters (encoding TS
1) on input line 191.
LaTeX Encoding Info:    Redeclaring text symbol \texteuro (encoding TS1) on inp
ut line 192.
LaTeX Encoding Info:    Redeclaring text symbol \texttimes (encoding TS1) on in
put line 193.
LaTeX Encoding Info:    Redeclaring text symbol \textdiv (encoding TS1) on inpu
t line 194.
))
\l__ctex_tmp_int=\count277
\l__ctex_tmp_box=\box53
\l__ctex_tmp_dim=\dimen150
\g__ctex_section_depth_int=\count278
\g__ctex_font_size_int=\count279

(D:\CTEX\CTeX\tex/latex/ctex/cfg\ctexopts.cfg)

Class ctexart Warning: UTF8 will be used as the default encoding.

(D:\CTEX\MiKTeX\tex/latex/base\article.cls
Document Class: article 2025/01/22 v1.4n Standard LaTeX document class
(D:\CTEX\MiKTeX\tex/latex/base\size12.clo
File: size12.clo 2025/01/22 v1.4n Standard LaTeX file (size option)
)
\c@part=\count280
\c@section=\count281
\c@subsection=\count282
\c@subsubsection=\count283
\c@paragraph=\count284
\c@subparagraph=\count285
\c@figure=\count286
\c@table=\count287
\abovecaptionskip=\skip49
\belowcaptionskip=\skip50
\bibindent=\dimen151
)
(D:\CTEX\MiKTeX\tex/latex/ctex/engine\ctex-engine-pdftex.def
File: ctex-engine-pdftex.def 2026/07/15 v2.6.4 (pdf)LaTeX adapter (CTEX)

(D:\CTEX\MiKTeX\tex/latex/cjk\CJKutf8.sty
Package: CJKutf8 2021/10/16 4.8.5

(D:\CTEX\MiKTeX\tex/generic/iftex\ifpdf.sty
Package: ifpdf 2019/10/25 v3.4 ifpdf legacy package. Use iftex instead.

(D:\CTEX\MiKTeX\tex/generic/iftex\iftex.sty
Package: iftex 2024/12/12 v1.0g TeX engine tests
))
(D:\CTEX\MiKTeX\tex/latex/base\inputenc.sty
Package: inputenc 2024/02/08 v1.3d Input encoding file
\inpenc@prehook=\toks17
\inpenc@posthook=\toks18
)
(D:\CTEX\MiKTeX\tex/latex/cjk\CJK.sty
Package: CJK 2021/10/16 4.8.5

(D:\CTEX\MiKTeX\tex/latex/cjk/mule\MULEenc.sty
Package: MULEenc 2021/10/16 4.8.5
)
(D:\CTEX\MiKTeX\tex/latex/cjk\CJK.enc
File: CJK.enc 2021/10/16 4.8.5
Now handling font encoding C00 ...
... no UTF-8 mapping file for font encoding C00
Now handling font encoding C05 ...
... no UTF-8 mapping file for font encoding C05
Now handling font encoding C09 ...
... no UTF-8 mapping file for font encoding C09
Now handling font encoding C10 ...
... no UTF-8 mapping file for font encoding C10
Now handling font encoding C20 ...
... no UTF-8 mapping file for font encoding C20
Now handling font encoding C19 ...
... no UTF-8 mapping file for font encoding C19
Now handling font encoding C40 ...
... no UTF-8 mapping file for font encoding C40
Now handling font encoding C42 ...
... no UTF-8 mapping file for font encoding C42
Now handling font encoding C43 ...
... no UTF-8 mapping file for font encoding C43
Now handling font encoding C50 ...
... no UTF-8 mapping file for font encoding C50
Now handling font encoding C52 ...
... no UTF-8 mapping file for font encoding C52
Now handling font encoding C49 ...
... no UTF-8 mapping file for font encoding C49
Now handling font encoding C60 ...
... no UTF-8 mapping file for font encoding C60
Now handling font encoding C61 ...
... no UTF-8 mapping file for font encoding C61
Now handling font encoding C63 ...
... no UTF-8 mapping file for font encoding C63
Now handling font encoding C64 ...
... no UTF-8 mapping file for font encoding C64
Now handling font encoding C65 ...
... no UTF-8 mapping file for font encoding C65
Now handling font encoding C70 ...
... no UTF-8 mapping file for font encoding C70
Now handling font encoding C31 ...
... no UTF-8 mapping file for font encoding C31
Now handling font encoding C32 ...
... no UTF-8 mapping file for font encoding C32
Now handling font encoding C33 ...
... no UTF-8 mapping file for font encoding C33
Now handling font encoding C34 ...
... no UTF-8 mapping file for font encoding C34
Now handling font encoding C35 ...
... no UTF-8 mapping file for font encoding C35
Now handling font encoding C36 ...
... no UTF-8 mapping file for font encoding C36
Now handling font encoding C37 ...
... no UTF-8 mapping file for font encoding C37
Now handling font encoding C80 ...
... no UTF-8 mapping file for font encoding C80
Now handling font encoding C81 ...
... no UTF-8 mapping file for font encoding C81
Now handling font encoding C01 ...
... no UTF-8 mapping file for font encoding C01
Now handling font encoding C11 ...
... no UTF-8 mapping file for font encoding C11
Now handling font encoding C21 ...
... no UTF-8 mapping file for font encoding C21
Now handling font encoding C41 ...
... no UTF-8 mapping file for font encoding C41
Now handling font encoding C62 ...
... no UTF-8 mapping file for font encoding C62
)
\CJK@indent=\box54
)
(D:\CTEX\MiKTeX\tex/latex/base\fontenc.sty
Package: fontenc 2025/07/18 v2.1d Standard LaTeX package
))
(D:\CTEX\MiKTeX\tex/latex/cjkpunct\CJKpunct.sty
Package: CJKpunct 2016/05/14 4.8.4
\CJKpunct@cnta=\count288
\CJKpunct@cntb=\count289
\CJKpunct@cntc=\count290
\CJKpunct@cntd=\count291
\CJKpunct@cnte=\count292
   defining Unicode char U+2018 (decimal 8216)
   defining Unicode char U+2019 (decimal 8217)
   defining Unicode char U+201C (decimal 8220)
   defining Unicode char U+201D (decimal 8221)
   defining Unicode char U+2014 (decimal 8212)
   defining Unicode char U+2026 (decimal 8230)

(D:\CTEX\MiKTeX\tex/latex/cjkpunct\CJKpunct.spa))
(D:\CTEX\MiKTeX\tex/latex/cjk\CJKspace.sty
Package: CJKspace 2021/10/16 3.8.0
)
(D:\CTEX\MiKTeX\tex/latex/cjk/UTF8\UTF8.bdg
File: UTF8.bdg 2021/10/16 4.8.5
)
(D:\CTEX\MiKTeX\tex/latex/ctex\ctexspa.def
File: ctexspa.def 2026/07/22 v2.6.4 Space info for CJKpunct (CTEX)
)
\ccwd=\dimen152
\l__ctex_ccglue_skip=\skip51
)
\l__ctex_ziju_dim=\dimen153

(D:\CTEX\MiKTeX\tex/latex/zhnumber\zhnumber.sty
Package: zhnumber 2022/07/14 v3.0 Typesetting numbers with Chinese glyphs
\l__zhnum_scale_int=\count293
\l__zhnum_tmp_int=\count294

(D:\CTEX\MiKTeX\tex/latex/zhnumber\zhnumber-utf8.cfg
File: zhnumber-utf8.cfg 2022/07/14 v3.0 Chinese numerals with UTF8 encoding
))
\l__ctex_heading_skip=\skip52

(D:\CTEX\MiKTeX\tex/latex/ctex/scheme\ctex-scheme-chinese-article.def
File: ctex-scheme-chinese-article.def 2026/07/13 v2.6.4 Chinese scheme for arti
cle (CTEX)

(D:\CTEX\MiKTeX\tex/latex/ctex/config\ctex-name-utf8.cfg
File: ctex-name-utf8.cfg 2026/07/13 v2.6.4 Caption with encoding UTF-8 (CTEX)
))
(D:\CTEX\MiKTeX\tex/latex/ctex/fontset\ctex-fontset-windows.def
File: ctex-fontset-windows.def 2026/07/22 v2.6.4 Windows fonts definition (CTEX
)
))
(D:\CTEX\MiKTeX\tex/latex/ctex/config\ctex.cfg
File: ctex-scheme.cfg 2026/07/13 v2.6.4 Configuration file (CTEX)
)
(D:\CTEX\MiKTeX\tex/latex/geometry\geometry.sty
Package: geometry 2026/03/07 v6.0 Page Geometry

(D:\CTEX\MiKTeX\tex/latex/graphics\keyval.sty
Package: keyval 2026-05-17 v1.15 key=value parser (DPC)
\KV@toks@=\toks19
)
(D:\CTEX\MiKTeX\tex/generic/iftex\ifvtex.sty
Package: ifvtex 2019/10/25 v1.7 ifvtex legacy package. Use iftex instead.
)
\Gm@cnth=\count295
\Gm@cntv=\count296
\c@Gm@tempcnt=\count297
\Gm@bindingoffset=\dimen154
\Gm@wd@mp=\dimen155
\Gm@odd@mp=\dimen156
\Gm@even@mp=\dimen157
\Gm@layoutwidth=\dimen158
\Gm@layoutheight=\dimen159
\Gm@layouthoffset=\dimen160
\Gm@layoutvoffset=\dimen161
\Gm@dimlist=\toks20

(D:\CTEX\MiKTeX\tex/latex/geometry\geometry.cfg))
(D:\CTEX\MiKTeX\tex/latex/amsmath\amsmath.sty
Package: amsmath 2026/05/19 v2.18d AMS math features
\@mathmargin=\skip53

For additional information on amsmath, use the `?' option.
(D:\CTEX\MiKTeX\tex/latex/amsmath\amstext.sty
Package: amstext 2024/11/17 v2.01 AMS text

(D:\CTEX\MiKTeX\tex/latex/amsmath\amsgen.sty
File: amsgen.sty 1999/11/30 v2.0 generic functions
\@emptytoks=\toks21
\ex@=\dimen162
))
(D:\CTEX\MiKTeX\tex/latex/amsmath\amsbsy.sty
Package: amsbsy 1999/11/29 v1.2d Bold Symbols
\pmbraise@=\dimen163
)
(D:\CTEX\MiKTeX\tex/latex/amsmath\amsopn.sty
Package: amsopn 2022/04/08 v2.04 operator names
)
\inf@bad=\count298
LaTeX Info: Redefining \frac on input line 233.
\uproot@=\count299
\leftroot@=\count300
LaTeX Info: Redefining \overline on input line 398.
LaTeX Info: Redefining \colon on input line 409.
\classnum@=\count301
\DOTSCASE@=\count302
LaTeX Info: Redefining \ldots on input line 495.
LaTeX Info: Redefining \dots on input line 498.
LaTeX Info: Redefining \cdots on input line 619.
\Mathstrutbox@=\box55
\strutbox@=\box56
LaTeX Info: Redefining \big on input line 721.
LaTeX Info: Redefining \Big on input line 722.
LaTeX Info: Redefining \bigg on input line 723.
LaTeX Info: Redefining \Bigg on input line 724.
\big@size=\dimen164
LaTeX Font Info:    Redeclaring font encoding OML on input line 742.
LaTeX Font Info:    Redeclaring font encoding OMS on input line 743.
\macc@depth=\count303
LaTeX Info: Redefining \bmod on input line 904.
LaTeX Info: Redefining \pmod on input line 909.
LaTeX Info: Redefining \smash on input line 939.
LaTeX Info: Redefining \relbar on input line 969.
LaTeX Info: Redefining \Relbar on input line 970.
\c@MaxMatrixCols=\count304
\dotsspace@=\muskip17
\c@parentequation=\count305
\dspbrk@lvl=\count306
\tag@help=\toks22
\row@=\count307
\column@=\count308
\maxfields@=\count309
\andhelp@=\toks23
\eqnshift@=\dimen165
\alignsep@=\dimen166
\tagshift@=\dimen167
\tagwidth@=\dimen168
\totwidth@=\dimen169
\lineht@=\dimen170
\@envbody=\toks24
\multlinegap=\skip54
\multlinetaggap=\skip55
\mathdisplay@stack=\toks25
LaTeX Info: Redefining \[ on input line 2965.
LaTeX Info: Redefining \] on input line 2966.
)
(D:\CTEX\MiKTeX\tex/latex/amsfonts\amssymb.sty
Package: amssymb 2013/01/14 v3.01 AMS font symbols

(D:\CTEX\MiKTeX\tex/latex/amsfonts\amsfonts.sty
Package: amsfonts 2013/01/14 v3.01 Basic AMSFonts support
\symAMSa=\mathgroup4
\symAMSb=\mathgroup5
LaTeX Font Info:    Redeclaring math symbol \hbar on input line 98.
LaTeX Font Info:    Overwriting math alphabet `\mathfrak' in version `bold'
(Font)                  U/euf/m/n --> U/euf/b/n on input line 106.
))
(D:\CTEX\MiKTeX\tex/latex/graphics\graphicx.sty
Package: graphicx 2026-05-17 v1.2e Enhanced LaTeX Graphics (DPC,SPQR)

(D:\CTEX\MiKTeX\tex/latex/graphics\graphics.sty
Package: graphics 2026-05-17 v1.4h Standard LaTeX Graphics (DPC,SPQR)

(D:\CTEX\MiKTeX\tex/latex/graphics\trig.sty
Package: trig 2023/12/02 v1.11 sin cos tan (DPC)
)
(D:\CTEX\MiKTeX\tex/latex/graphics-cfg\graphics.cfg
File: graphics.cfg 2016/06/04 v1.11 sample graphics configuration
)
Package graphics Info: Driver file: pdftex.def on input line 106.

(D:\CTEX\MiKTeX\tex/latex/graphics-def\pdftex.def
File: pdftex.def 2025/09/29 v1.2d Graphics/color driver for pdftex
))
\Gin@req@height=\dimen171
\Gin@req@width=\dimen172
)
(D:\CTEX\MiKTeX\tex/latex/float\float.sty
Package: float 2001/11/08 v1.3d Float enhancements (AL)
\c@float@type=\count310
\float@exts=\toks26
\float@box=\box57
\@float@everytoks=\toks27
\@floatcapt=\box58
)
(D:\CTEX\MiKTeX\tex/latex/booktabs\booktabs.sty
Package: booktabs 2020/01/12 v1.61803398 Publication quality tables
\heavyrulewidth=\dimen173
\lightrulewidth=\dimen174
\cmidrulewidth=\dimen175
\belowrulesep=\dimen176
\belowbottomsep=\dimen177
\aboverulesep=\dimen178
\abovetopsep=\dimen179
\cmidrulesep=\dimen180
\cmidrulekern=\dimen181
\defaultaddspace=\dimen182
\@cmidla=\count311
\@cmidlb=\count312
\@aboverulesep=\dimen183
\@belowrulesep=\dimen184
\@thisruleclass=\count313
\@lastruleclass=\count314
\@thisrulewidth=\dimen185
)
(D:\CTEX\MiKTeX\tex/latex/multirow\multirow.sty
Package: multirow 2024/11/12 v2.9 Span multiple rows of a table
\multirow@colwidth=\skip56
\multirow@cntb=\count315
\multirow@dima=\skip57
\bigstrutjot=\dimen186
)
(D:\CTEX\MiKTeX\tex/latex/tools\array.sty
Package: array 2026/02/24 v2.7b Tabular extension package (FMi)
\col@sep=\dimen187
\ar@mcellbox=\box59
\extrarowheight=\dimen188
\NC@list=\toks28
\extratabsurround=\skip58
\backup@length=\skip59
\ar@cellbox=\box60
)
(D:\CTEX\MiKTeX\tex/latex/tools\longtable.sty
Package: longtable 2026-01-28 v4.27 Multi-page Table package (DPC)
\LTleft=\skip60
\LTright=\skip61
\LTpre=\skip62
\LTpost=\skip63
\LTchunksize=\count316
\LTcapwidth=\dimen189
\LT@head=\box61
\LT@firsthead=\box62
\LT@foot=\box63
\LT@lastfoot=\box64
\LT@gbox=\box65
\LT@cols=\count317
\LT@rows=\count318
\c@LT@tables=\count319
\c@LT@chunks=\count320
\LT@p@ftn=\toks29
)
(D:\CTEX\MiKTeX\tex/latex/caption\caption.sty
Package: caption 2023/08/05 v3.6o Customizing captions (AR)

(D:\CTEX\MiKTeX\tex/latex/caption\caption3.sty
Package: caption3 2023/07/31 v2.4d caption3 kernel (AR)
\caption@tempdima=\dimen190
\captionmargin=\dimen191
\caption@leftmargin=\dimen192
\caption@rightmargin=\dimen193
\caption@width=\dimen194
\caption@indent=\dimen195
\caption@parindent=\dimen196
\caption@hangindent=\dimen197
Package caption Info: Standard document class detected.
)
\c@caption@flags=\count321
\c@continuedfloat=\count322
Package caption Info: float package is loaded.
Package caption Info: longtable package is loaded.

(D:\CTEX\MiKTeX\tex/latex/caption\ltcaption.sty
Package: ltcaption 2021/01/08 v1.4c longtable captions (AR)
))
(D:\CTEX\MiKTeX\tex/latex/caption\subcaption.sty
Package: subcaption 2023/07/28 v1.6b Sub-captions (AR)
Package caption Info: New subtype `subfigure' on input line 238.
\c@subfigure=\count323
Package caption Info: New subtype `subtable' on input line 238.
\c@subtable=\count324
)
(D:\CTEX\MiKTeX\tex/latex/fancyhdr\fancyhdr.sty
Package: fancyhdr 2025/02/07 v5.2 Extensive control of page headers and footers

\f@nch@headwidth=\skip64
\f@nch@offset@elh=\skip65
\f@nch@offset@erh=\skip66
\f@nch@offset@olh=\skip67
\f@nch@offset@orh=\skip68
\f@nch@offset@elf=\skip69
\f@nch@offset@erf=\skip70
\f@nch@offset@olf=\skip71
\f@nch@offset@orf=\skip72
\f@nch@height=\skip73
\f@nch@footalignment=\skip74
\f@nch@widthL=\skip75
\f@nch@widthC=\skip76
\f@nch@widthR=\skip77
\@temptokenb=\toks30
)
(D:\CTEX\MiKTeX\tex/latex/enumitem\enumitem.sty
Package: enumitem 2025/02/06 v3.11 Customized lists
\labelindent=\skip78
\enit@outerparindent=\dimen198
\enit@toks=\toks31
\enit@inbox=\box66
\enit@count@id=\count325
\enitdp@description=\count326
)
(D:\CTEX\MiKTeX\tex/latex/algorithms\algorithm.sty
Package: algorithm 2009/08/24 v0.1 Document Style `algorithm' - floating enviro
nment

(D:\CTEX\MiKTeX\tex/latex/base\ifthen.sty
Package: ifthen 2024/03/16 v1.1e Standard LaTeX ifthen package (DPC)
)
\@float@every@algorithm=\toks32
\c@algorithm=\count327
)
(D:\CTEX\MiKTeX\tex/latex/algorithmicx\algorithmicx.sty
Package: algorithmicx 2005/04/27 v1.2 Algorithmicx

Document Style algorithmicx 1.2 - a greatly improved `algorithmic' style
\c@ALG@line=\count328
\c@ALG@rem=\count329
\c@ALG@nested=\count330
\ALG@tlm=\skip79
\ALG@thistlm=\skip80
\c@ALG@Lnr=\count331
\c@ALG@blocknr=\count332
\c@ALG@storecount=\count333
\c@ALG@tmpcounter=\count334
\ALG@tmplength=\skip81
) (D:\CTEX\MiKTeX\tex/latex/algorithmicx\algpseudocode.sty
Package: algpseudocode 

Document Style - pseudocode environments for use with the `algorithmicx' style
) (D:\CTEX\MiKTeX\tex/latex/xcolor\xcolor.sty
Package: xcolor 2024/09/29 v3.02 LaTeX color extensions (UK)

(D:\CTEX\MiKTeX\tex/latex/graphics-cfg\color.cfg
File: color.cfg 2016/01/02 v1.6 sample color configuration
)
Package xcolor Info: Driver file: pdftex.def on input line 274.

(D:\CTEX\MiKTeX\tex/latex/graphics\mathcolor.ltx)
Package xcolor Info: Model `cmy' substituted by `cmy0' on input line 1349.
Package xcolor Info: Model `hsb' substituted by `rgb' on input line 1353.
Package xcolor Info: Model `RGB' extended on input line 1365.
Package xcolor Info: Model `HTML' substituted by `rgb' on input line 1367.
Package xcolor Info: Model `Hsb' substituted by `hsb' on input line 1368.
Package xcolor Info: Model `tHsb' substituted by `hsb' on input line 1369.
Package xcolor Info: Model `HSB' substituted by `hsb' on input line 1370.
Package xcolor Info: Model `Gray' substituted by `gray' on input line 1371.
Package xcolor Info: Model `wave' substituted by `hsb' on input line 1372.
)
(D:\CTEX\MiKTeX\tex/latex/hyperref\hyperref.sty
Package: hyperref 2026-06-17 v7.01r Hypertext links for LaTeX

(D:\CTEX\MiKTeX\tex/latex/kvsetkeys\kvsetkeys.sty
Package: kvsetkeys 2022-10-05 v1.19 Key value parser (HO)
)
(D:\CTEX\MiKTeX\tex/generic/kvdefinekeys\kvdefinekeys.sty
Package: kvdefinekeys 2019-12-19 v1.6 Define keys (HO)
)
(D:\CTEX\MiKTeX\tex/generic/pdfescape\pdfescape.sty
Package: pdfescape 2019/12/09 v1.15 Implements pdfTeX's escape features (HO)

(D:\CTEX\MiKTeX\tex/generic/ltxcmds\ltxcmds.sty
Package: ltxcmds 2023-12-04 v1.26 LaTeX kernel commands for general use (HO)
)
(D:\CTEX\MiKTeX\tex/generic/pdftexcmds\pdftexcmds.sty
Package: pdftexcmds 2020-06-27 v0.33 Utility functions of pdfTeX for LuaTeX (HO
)

(D:\CTEX\MiKTeX\tex/generic/infwarerr\infwarerr.sty
Package: infwarerr 2019/12/03 v1.5 Providing info/warning/error messages (HO)
)
Package pdftexcmds Info: \pdf@primitive is available.
Package pdftexcmds Info: \pdf@ifprimitive is available.
Package pdftexcmds Info: \pdfdraftmode found.
))
(D:\CTEX\MiKTeX\tex/latex/hycolor\hycolor.sty
Package: hycolor 2020-01-27 v1.10 Color options for hyperref/bookmark (HO)
)
(D:\CTEX\MiKTeX\tex/latex/hyperref\nameref.sty
Package: nameref 2026-01-29 v2.58 Cross-referencing by name of section

(D:\CTEX\MiKTeX\tex/latex/refcount\refcount.sty
Package: refcount 2019/12/15 v3.6 Data extraction from label references (HO)
)
(D:\CTEX\MiKTeX\tex/generic/gettitlestring\gettitlestring.sty
Package: gettitlestring 2019/12/15 v1.6 Cleanup title references (HO)

(D:\CTEX\MiKTeX\tex/latex/kvoptions\kvoptions.sty
Package: kvoptions 2022-06-15 v3.15 Key value format for package options (HO)
))
\c@section@level=\count335
)
(D:\CTEX\MiKTeX\tex/latex/etoolbox\etoolbox.sty
Package: etoolbox 2025/10/02 v2.5m e-TeX tools for LaTeX (JAW)
\etb@tempcnta=\count336
)
(D:\CTEX\MiKTeX\tex/generic/stringenc\stringenc.sty
Package: stringenc 2019/11/29 v1.12 Convert strings between diff. encodings (HO
)
)
\@linkdim=\dimen199
\Hy@linkcounter=\count337
\Hy@pagecounter=\count338

(D:\CTEX\MiKTeX\tex/latex/hyperref\pd1enc.def
File: pd1enc.def 2026-06-17 v7.01r Hyperref: PDFDocEncoding definition (HO)
Now handling font encoding PD1 ...
... no UTF-8 mapping file for font encoding PD1
)
(D:\CTEX\MiKTeX\tex/generic/intcalc\intcalc.sty
Package: intcalc 2019/12/15 v1.3 Expandable calculations with integers (HO)
)
\Hy@SavedSpaceFactor=\count339

(D:\CTEX\MiKTeX\tex/latex/hyperref\puenc.def
File: puenc.def 2026-06-17 v7.01r Hyperref: PDF Unicode definition (HO)
Now handling font encoding PU ...
... no UTF-8 mapping file for font encoding PU
)
Package hyperref Info: Option `unicode' set `true' on input line 4070.
Package hyperref Info: Hyper figures OFF on input line 4199.
Package hyperref Info: Link nesting OFF on input line 4204.
Package hyperref Info: Hyper index ON on input line 4207.
Package hyperref Info: Plain pages OFF on input line 4214.
Package hyperref Info: Backreferencing OFF on input line 4219.
Package hyperref Info: Implicit mode ON; LaTeX internals redefined.
Package hyperref Info: Bookmarks ON on input line 4466.
\c@Hy@tempcnt=\count340

(D:\CTEX\MiKTeX\tex/latex/url\url.sty
\Urlmuskip=\muskip18
Package: url 2013/09/16  ver 3.4  Verb mode for urls, etc.
)
LaTeX Info: Redefining \url on input line 4805.
\XeTeXLinkMargin=\dimen256

(D:\CTEX\MiKTeX\tex/generic/bitset\bitset.sty
Package: bitset 2019/12/09 v1.3 Handle bit-vector datatype (HO)

(D:\CTEX\MiKTeX\tex/generic/bigintcalc\bigintcalc.sty
Package: bigintcalc 2019/12/15 v1.5 Expandable calculations on big integers (HO
)
))
\Fld@menulength=\count341
\Field@Width=\dimen257
\Fld@charsize=\dimen258
Package hyperref Info: Hyper figures OFF on input line 6091.
Package hyperref Info: Link nesting OFF on input line 6096.
Package hyperref Info: Hyper index ON on input line 6099.
Package hyperref Info: backreferencing OFF on input line 6106.
Package hyperref Info: Link coloring OFF on input line 6111.
Package hyperref Info: Link coloring with OCG OFF on input line 6116.
Package hyperref Info: PDF/A mode OFF on input line 6121.
\Hy@abspage=\count342
\c@Item=\count343
\c@Hfootnote=\count344
)
Package hyperref Info: Driver (autodetected): hpdftex.

(D:\CTEX\MiKTeX\tex/latex/hyperref\hpdftex.def
File: hpdftex.def 2026-06-17 v7.01r Hyperref driver for pdfTeX
\Fld@listcount=\count345
\c@bookmark@seq@number=\count346

(D:\CTEX\MiKTeX\tex/latex/rerunfilecheck\rerunfilecheck.sty
Package: rerunfilecheck 2025-06-21 v1.11 Rerun checks for auxiliary files (HO)

(D:\CTEX\MiKTeX\tex/generic/uniquecounter\uniquecounter.sty
Package: uniquecounter 2019/12/15 v1.4 Provide unlimited unique counter (HO)
)
Package uniquecounter Info: New unique counter `rerunfilecheck' on input line 2
84.
)
\Hy@SectionHShift=\skip82
)
(D:\CTEX\MiKTeX\tex/latex/listings\listings.sty
\lst@mode=\count347
\lst@gtempboxa=\box67
\lst@token=\toks33
\lst@length=\count348
\lst@currlwidth=\dimen259
\lst@column=\count349
\lst@pos=\count350
\lst@lostspace=\dimen260
\lst@width=\dimen261
\lst@newlines=\count351
\lst@lineno=\count352
\lst@maxwidth=\dimen262

(D:\CTEX\MiKTeX\tex/latex/listings\lstpatch.sty
File: lstpatch.sty 2025/11/14 1.11b (Carsten Heinz)
)
(D:\CTEX\MiKTeX\tex/latex/listings\lstmisc.sty
File: lstmisc.sty 2025/11/14 1.11b (Carsten Heinz)
\c@lstnumber=\count353
\lst@skipnumbers=\count354
\lst@framebox=\box68
)
(D:\CTEX\MiKTeX\tex/latex/listings\listings.cfg
File: listings.cfg 2025/11/14 1.11b listings configuration
))
Package: listings 2025/11/14 1.11b (Carsten Heinz)

(D:\CTEX\MiKTeX\tex/latex/diagbox\diagbox.sty
Package: diagbox 2020/02/09 v2.3 Making table heads with diagonal lines

(D:\CTEX\MiKTeX\tex/latex/pict2e\pict2e.sty
Package: pict2e 2020/09/30 v0.4b Improved picture commands (HjG,RN,JT)

(D:\CTEX\MiKTeX\tex/latex/pict2e\pict2e.cfg
File: pict2e.cfg 2016/02/05 v0.1u pict2e configuration for teTeX/TeXLive
)
Package pict2e Info: Driver file: pdftex.def on input line 112.
Package pict2e Info: Driver file for pict2e: p2e-pdftex.def on input line 114.

(D:\CTEX\MiKTeX\tex/latex/pict2e\p2e-pdftex.def
File: p2e-pdftex.def 2016/02/05 v0.1u Driver-dependant file (RN,HjG,JT)
)
\pIIe@GRAPH=\toks34
\@arclen=\dimen263
\@arcrad=\dimen264
\pIIe@tempdima=\dimen265
\pIIe@tempdimb=\dimen266
\pIIe@tempdimc=\dimen267
\pIIe@tempdimd=\dimen268
\pIIe@tempdime=\dimen269
\pIIe@tempdimf=\dimen270
)
(D:\CTEX\MiKTeX\tex/latex/tools\calc.sty
Package: calc 2025/03/01 v4.3b Infix arithmetic (KKT,FJ)
\calc@Acount=\count355
\calc@Bcount=\count356
\calc@Adimen=\dimen271
\calc@Bdimen=\dimen272
\calc@Askip=\skip83
\calc@Bskip=\skip84
LaTeX Info: Redefining \setlength on input line 86.
LaTeX Info: Redefining \addtolength on input line 87.
\calc@Ccount=\count357
\calc@Cskip=\skip85
)
\diagbox@boxa=\box69
\diagbox@boxb=\box70
\diagbox@boxm=\box71
\diagbox@wd=\dimen273
\diagbox@ht=\dimen274
\diagbox@insepl=\dimen275
\diagbox@insepr=\dimen276
\diagbox@outsepl=\dimen277
\diagbox@outsepr=\dimen278
)
(D:\CTEX\MiKTeX\tex/latex/listings\lstlang1.sty
File: lstlang1.sty 2025/11/14 1.11b listings language file
)
(D:\CTEX\MiKTeX\tex/latex/cjk/UTF8\UTF8.enc
File: UTF8.enc 2021/10/16 4.8.5
)
(D:\CTEX\MiKTeX\tex/latex/cjk/UTF8\UTF8.chr
File: UTF8.chr 2021/10/16 4.8.5
) (paper.aux)
\openout1 = `paper.aux'.

LaTeX Font Info:    Checking defaults for OML/cmm/m/it on input line 44.
LaTeX Font Info:    ... okay on input line 44.
LaTeX Font Info:    Checking defaults for OMS/cmsy/m/n on input line 44.
LaTeX Font Info:    ... okay on input line 44.
LaTeX Font Info:    Checking defaults for OT1/cmr/m/n on input line 44.
LaTeX Font Info:    ... okay on input line 44.
LaTeX Font Info:    Checking defaults for T1/cmr/m/n on input line 44.
LaTeX Font Info:    ... okay on input line 44.
LaTeX Font Info:    Checking defaults for TS1/cmr/m/n on input line 44.
LaTeX Font Info:    ... okay on input line 44.
LaTeX Font Info:    Checking defaults for OMX/cmex/m/n on input line 44.
LaTeX Font Info:    ... okay on input line 44.
LaTeX Font Info:    Checking defaults for U/cmr/m/n on input line 44.
LaTeX Font Info:    ... okay on input line 44.
LaTeX Font Info:    Checking defaults for C00/song/m/n on input line 44.
LaTeX Font Info:    ... okay on input line 44.
LaTeX Font Info:    Checking defaults for C05/song/m/n on input line 44.
LaTeX Font Info:    ... okay on input line 44.
LaTeX Font Info:    Checking defaults for C09/song/m/n on input line 44.
LaTeX Font Info:    ... okay on input line 44.
LaTeX Font Info:    Checking defaults for C10/song/m/n on input line 44.
LaTeX Font Info:    ... okay on input line 44.
LaTeX Font Info:    Checking defaults for C20/song/m/n on input line 44.
LaTeX Font Info:    ... okay on input line 44.
LaTeX Font Info:    Checking defaults for C19/song/m/n on input line 44.
LaTeX Font Info:    ... okay on input line 44.
LaTeX Font Info:    Checking defaults for C40/song/m/n on input line 44.
LaTeX Font Info:    ... okay on input line 44.
LaTeX Font Info:    Checking defaults for C42/song/m/n on input line 44.
LaTeX Font Info:    ... okay on input line 44.
LaTeX Font Info:    Checking defaults for C43/song/m/n on input line 44.
LaTeX Font Info:    ... okay on input line 44.
LaTeX Font Info:    Checking defaults for C50/song/m/n on input line 44.
LaTeX Font Info:    ... okay on input line 44.
LaTeX Font Info:    Checking defaults for C52/song/m/n on input line 44.
LaTeX Font Info:    ... okay on input line 44.
LaTeX Font Info:    Checking defaults for C49/song/m/n on input line 44.
LaTeX Font Info:    ... okay on input line 44.
LaTeX Font Info:    Checking defaults for C60/mj/m/n on input line 44.
LaTeX Font Info:    ... okay on input line 44.
LaTeX Font Info:    Checking defaults for C61/mj/m/n on input line 44.
LaTeX Font Info:    ... okay on input line 44.
LaTeX Font Info:    Checking defaults for C63/mj/m/n on input line 44.
LaTeX Font Info:    ... okay on input line 44.
LaTeX Font Info:    Checking defaults for C64/mj/m/n on input line 44.
LaTeX Font Info:    ... okay on input line 44.
LaTeX Font Info:    Checking defaults for C65/mj/m/n on input line 44.
LaTeX Font Info:    ... okay on input line 44.
LaTeX Font Info:    Checking defaults for C70/song/m/n on input line 44.
LaTeX Font Info:    ... okay on input line 44.
LaTeX Font Info:    Checking defaults for C31/song/m/n on input line 44.
LaTeX Font Info:    ... okay on input line 44.
LaTeX Font Info:    Checking defaults for C32/song/m/n on input line 44.
LaTeX Font Info:    ... okay on input line 44.
LaTeX Font Info:    Checking defaults for C33/song/m/n on input line 44.
LaTeX Font Info:    ... okay on input line 44.
LaTeX Font Info:    Checking defaults for C34/song/m/n on input line 44.
LaTeX Font Info:    ... okay on input line 44.
LaTeX Font Info:    Checking defaults for C35/song/m/n on input line 44.
LaTeX Font Info:    ... okay on input line 44.
LaTeX Font Info:    Checking defaults for C36/song/m/n on input line 44.
LaTeX Font Info:    ... okay on input line 44.
LaTeX Font Info:    Checking defaults for C37/song/m/n on input line 44.
LaTeX Font Info:    ... okay on input line 44.
LaTeX Font Info:    Checking defaults for C80/song/m/n on input line 44.
LaTeX Font Info:    ... okay on input line 44.
LaTeX Font Info:    Checking defaults for C81/song/m/n on input line 44.
LaTeX Font Info:    ... okay on input line 44.
LaTeX Font Info:    Checking defaults for C01/song/m/n on input line 44.
LaTeX Font Info:    ... okay on input line 44.
LaTeX Font Info:    Checking defaults for C11/song/m/n on input line 44.
LaTeX Font Info:    ... okay on input line 44.
LaTeX Font Info:    Checking defaults for C21/song/m/n on input line 44.
LaTeX Font Info:    ... okay on input line 44.
LaTeX Font Info:    Checking defaults for C41/song/m/n on input line 44.
LaTeX Font Info:    ... okay on input line 44.
LaTeX Font Info:    Checking defaults for C62/song/m/n on input line 44.
LaTeX Font Info:    ... okay on input line 44.
LaTeX Font Info:    Checking defaults for PD1/pdf/m/n on input line 44.
LaTeX Font Info:    ... okay on input line 44.
LaTeX Font Info:    Checking defaults for PU/pdf/m/n on input line 44.
LaTeX Font Info:    ... okay on input line 44.

*geometry* driver: auto-detecting
*geometry* detected driver: pdftex
*geometry* verbose mode - [ preamble ] result:
* driver: pdftex
* paper: a4paper
* layout: <same size as paper>
* layoutoffset:(h,v)=(0.0pt,0.0pt)
* modes: 
* h-part:(L,W,R)=(71.13188pt, 455.24411pt, 71.13188pt)
* v-part:(T,H,B)=(71.13188pt, 702.78308pt, 71.13188pt)
* \paperwidth=597.50787pt
* \paperheight=845.04684pt
* \textwidth=455.24411pt
* \textheight=702.78308pt
* \oddsidemargin=-1.1381pt
* \evensidemargin=-1.1381pt
* \topmargin=-38.1381pt
* \headheight=12.0pt
* \headsep=25.0pt
* \topskip=12.0pt
* \footskip=30.0pt
* \marginparwidth=35.0pt
* \marginparsep=10.0pt
* \columnsep=10.0pt
* \skip\footins=10.8pt plus 4.0pt minus 2.0pt
* \hoffset=0.0pt
* \voffset=0.0pt
* \mag=1000
* \@twocolumnfalse
* \@twosidefalse
* \@mparswitchfalse
* \@reversemarginfalse
* (1in=72.27pt=25.4mm, 1cm=28.453pt)

(D:\CTEX\MiKTeX\tex/context/base/mkii\supp-pdf.mkii
[Loading MPS to PDF converter (version 2006.09.02).]
\scratchcounter=\count358
\scratchdimen=\dimen279
\scratchbox=\box72
\nofMPsegments=\count359
\nofMParguments=\count360
\everyMPshowfont=\toks35
\MPscratchCnt=\count361
\MPscratchDim=\dimen280
\MPnumerator=\count362
\makeMPintoPDFobject=\count363
\everyMPtoPDFconversion=\toks36
) (D:\CTEX\MiKTeX\tex/latex/epstopdf-pkg\epstopdf-base.sty
Package: epstopdf-base 2020-01-24 v2.11 Base part for package epstopdf
Package epstopdf-base Info: Redefining graphics rule for `.eps' on input line 4
85.

(D:\CTEX\MiKTeX\tex/latex/00miktex\epstopdf-sys.cfg
File: epstopdf-sys.cfg 2021/03/18 v2.0 Configuration of epstopdf for MiKTeX
))
Package caption Info: Begin \AtBeginDocument code.
Package caption Info: hyperref package is loaded.
Package caption Info: listings package is loaded.
Package caption Info: End \AtBeginDocument code.
Package hyperref Info: Link coloring OFF on input line 44.
 (paper.out) (paper.out)
\@outlinefile=\write3
\openout3 = `paper.out'.

\c@lstlisting=\count364
LaTeX Font Info:    Trying to load font information for C70+rm on input line 46
.

(D:\CTEX\MiKTeX\tex/latex/ctex/fd\c70rm.fd
File: c70rm.fd 2026/07/22 v2.6.4 Chinese font definition (CTEX)
)
Package CJKpunct Info: use punctuation spaces for family 'rm' with punctstyle (
quanjiao) on input line 51.
LaTeX Font Info:    Trying to load font information for U+msa on input line 53.


(D:\CTEX\MiKTeX\tex/latex/amsfonts\umsa.fd
File: umsa.fd 2013/01/14 v3.01 AMS symbols A
)
LaTeX Font Info:    Trying to load font information for U+msb on input line 53.


(D:\CTEX\MiKTeX\tex/latex/amsfonts\umsb.fd
File: umsb.fd 2013/01/14 v3.01 AMS symbols B
)
Overfull \hbox (14.43422pt too wide) in paragraph at lines 53--54
\C70/rm/m/n/10.95/62 @ \C70/rm/m/n/10.95/67 	 \C70/rm/m/n/10.95/76 ¯ \C70/rm/m/
n/10.95/4e § \C70/rm/m/n/10.95/89 ∆ \C70/rm/m/n/10.95/7e ø \C70/rm/m/n/10.95/67
 Ñ \C70/rm/m/n/10.95/62 ^^P \C70/rm/m/n/10.95/57 ^^F \C70/rm/m/n/10.95/95 % \C7
0/rm/m/n/10.95/5f b \C70/rm/m/n/10.95/90 n \C70/rm/m/n/10.95/85 = \C70/rm/m/n/1
0.95/53 : \C70/rm/m/n/10.95/57 ﬂ|\C70/rm/m/n/10.95/30 ^^B| \C70/rm/m/n/10.95/63
 ® \C70/rm/m/n/10.95/5b ¸ \C70/rm/m/n/10.95/4e Ü \C70/rm/m/n/10.95/70 π \C70/rm
/m/n/10.95/52 0 \C70/rm/m/n/10.95/7e ø \C70/rm/m/n/10.95/6b µ \C70/rm/m/n/10.95
/67 ^^@ \C70/rm/m/n/10.95/77 Ì \C70/rm/m/n/10.95/8d › \C70/rm/m/n/10.95/79 ª \C
70/rm/m/n/10.95/76 Ñ \C70/rm/m/n/10.95/89 „ \C70/rm/m/n/10.95/67 ê \C70/rm/m/n/
10.95/51 l \C70/rm/m/n/10.95/5f ^^O|\C70/rm/m/n/10.95/ff ^^L| \C70/rm/m/n/10.95
/91 « \C70/rm/m/n/10.95/75 (\OT1/cmr/m/n/10.95 1ms\C70/rm/m/n/10.95/6b e
 []


Overfull \hbox (0.38179pt too wide) in paragraph at lines 57--58
\C70/rm/m/n/10.95/76 Ñ \C70/rm/m/n/10.95/6d ˜ \C70/rm/m/n/10.95/54 ^^H \C70/rm/
m/n/10.95/7b V \C70/rm/m/n/10.95/75 e \C70/rm/m/n/10.95/67 Ñ \C70/rm/m/n/10.95/
5e ˙ \C70/rm/m/n/10.95/52 ^^] \C70/rm/m/n/10.95/59 À \C70/rm/m/n/10.95/79 Õ \C7
0/rm/m/n/10.95/7f § |\C70/rm/m/n/10.95/ff ^^H|\OT1/cmr/m/n/10.95 30000\C70/rm/m
/n/10.95/68 7 \C70/rm/m/n/10.95/67 ,|\C70/rm/m/n/10.95/ff 	||^^L| \OT1/cmr/m/n/
10.95 DE\C70/rm/m/n/10.95/51 h \C70/rm/m/n/10.95/5c @ \C70/rm/m/n/10.95/64 ^^\ 
\C70/rm/m/n/10.95/7d " |\C70/rm/m/n/10.95/ff ^^H|\OT1/cmr/m/n/10.95 60\C70/rm/m
/n/10.95/4e * \C70/rm/m/n/10.95/4f S|\C70/rm/m/n/10.95/ff ^^L| \OT1/cmr/m/n/10.
95 400\C70/rm/m/n/10.95/4e „|\C70/rm/m/n/10.95/ff ^^L| \OT1/cmr/m/n/10.95 best1
bin|\C70/rm/m/n/10.95/ff 	||^^L|
 []


Overfull \hbox (22.22697pt too wide) in paragraph at lines 57--58
\C70/rm/m/n/10.95/57 ^^F \C70/rm/m/n/10.95/67 Ò\OT1/cmr/m/n/10.95 NM\C70/rm/m/n
/10.95/7c æ \C70/rm/m/n/10.95/4f Ó|\C70/rm/m/n/10.95/ff ^^L| \C70/rm/m/n/10.95/
5e v \C70/rm/m/n/10.95/94 à \C70/rm/m/n/10.95/5b ˘ \C70/rm/m/n/10.95/5f 9\OT1/c
mr/m/n/10.95 3\C70/rm/m/n/10.95/53 Ô \C70/rm/m/n/10.95/80 ˝ \C70/rm/m/n/10.95/9
6 ˆ \C70/rm/m/n/10.95/8d ! \C70/rm/m/n/10.95/73 . \C70/rm/m/n/10.95/76 Ñ \C70/r
m/m/n/10.95/95 Ó \C70/rm/m/n/10.95/98 ò \C70/rm/m/n/10.95/8b æ ° \C70/rm/m/n/10
.95/4e Ü \C70/rm/bx/n/10.95/5f 9\OT1/cmr/bx/n/10.95 3\C70/rm/bx/n/10.95/4e ^^S 
\C70/rm/bx/n/10.95/98 y \C70/rm/bx/n/10.95/62 Ô \C70/rm/bx/n/10.95/65 Q \C70/rm
/m/n/10.95/67 : \C70/rm/m/n/10.95/52 6 |\C70/rm/m/n/10.95/20 ^^T||^^T| \C70/rm/
m/n/10.95/56 ˙ \C70/rm/m/n/10.95/5b ö \C70/rm/m/n/10.95/5f 9\OT1/cmr/m/n/10.95 
1+\C70/rm/m/n/10.95/5f 9\OT1/cmr/m/n/10.95 2\C70/rm/m/n/10.95/53 ¬
 []


Overfull \hbox (1.41257pt too wide) in paragraph at lines 57--58
\C70/rm/m/n/10.95/65 p|\C70/rm/m/n/10.95/ff ^^L| \C70/rm/m/n/10.95/5b ˘ \C70/rm
/m/n/10.95/5f 9\OT1/cmr/m/n/10.95 3\C70/rm/m/n/10.95/5b Ω \C70/rm/m/n/10.95/83 
^^C \C70/rm/m/n/10.95/56 Ù\OT1/cmr/m/n/10.95 DE\C70/rm/m/n/10.95/64 ^^\ \C70/rm
/m/n/10.95/7d "|\C70/rm/m/n/10.95/30 ^^B| \C70/rm/m/n/10.95/67 ^^@ \C70/rm/m/n/
10.95/7e » \C70/rm/m/n/10.95/83 ∑ \C70/rm/m/n/10.95/5f ó \C70/rm/m/n/10.95/67 	
 \C70/rm/m/n/10.95/65 H \C70/rm/m/n/10.95/90 n \C70/rm/m/n/10.95/85 = \C70/rm/m
/n/10.95/65 ˆ \C70/rm/m/n/10.95/95 ^^?\OT1/cmr/bx/n/10.95 11.24s|\C70/rm/m/n/10
.95/ff ^^L| \C70/rm/m/n/10.95/8f É \C70/rm/m/n/10.95/53 U \C70/rm/m/n/10.95/5f 
9 \C70/rm/m/n/10.95/67 ^^@ \C70/rm/m/n/10.95/4f ^^X \C70/rm/m/n/10.95/63 – \C70
/rm/m/n/10.95/53 G\OT1/cmr/m/n/10.95 139.1%|\C70/rm/m/n/10.95/30 ^^B|
 []

(D:\CTEX\MiKTeX\tex/generic/ctex/zhmap\ctex-zhmap-windows.tex
File: ctex-zhmap-windows.tex 2026/07/22 v2.6.4 Windows font map loader for pdfT
eX and DVIPDFMx (CTEX)
{D:/CTEX/UserData/fonts/map/pdftex/pdftex.map{Unicode.sfd}{UGBK.sfd}}) [1

]
Overfull \hbox (2.48048pt too wide) in paragraph at lines 61--62
\C70/rm/m/n/10.95/64 ^^\ \C70/rm/m/n/10.95/7d " \C70/rm/m/n/10.95/7a z \C70/rm/
m/n/10.95/95 Ù \C70/rm/m/n/10.95/7e ¶\OT1/cmr/m/n/10.95 60\C70/rm/m/n/10.95/7e 
Ù|\C70/rm/m/n/10.95/ff ^^L| \C70/rm/m/n/10.95/76 Ù \C70/rm/m/n/10.95/63 • \C70/
rm/m/n/10.95/4f ^^X \C70/rm/m/n/10.95/53 ^^V \C70/rm/m/n/10.95/4e ^^M \C70/rm/m
/n/10.95/53 Ô \C70/rm/m/n/10.95/88 L|\C70/rm/m/n/10.95/30 ^^B| \C70/rm/m/n/10.9
5/52 ^^[ \C70/rm/m/n/10.95/65 ∞ \C70/rm/m/n/10.95/60 ' \C70/rm/m/n/10.95/63 – \
C70/rm/m/n/10.95/51 ˙ \C70/rm/bx/n/10.95/90 ^^F \C70/rm/bx/n/10.95/8f – \C70/rm
/bx/n/10.95/52 ® \C70/rm/bx/n/10.95/5b f \C70/rm/bx/n/10.95/65 π \C70/rm/bx/n/1
0.95/6c ’|\C70/rm/m/n/10.95/ff ^^Z| \C70/rm/m/n/10.95/57 ( \C70/rm/m/n/10.95/5f
 9 \C70/rm/m/n/10.95/76 Ó \C70/rm/m/n/10.95/8f ﬁ \C70/rm/m/n/10.95/7e ø\OT1/cmr
/m/n/10.95 (LOS)\C70/rm/m/n/10.95/4e 

 []


Package fancyhdr Warning: \headheight is too small (12.0pt): 
(fancyhdr)                Make it at least 14.49998pt, for example:
(fancyhdr)                \setlength{\headheight}{14.49998pt}.
(fancyhdr)                You might also make \topmargin smaller:
(fancyhdr)                \addtolength{\topmargin}{-2.49998pt}.

[2] (paper.toc

Package fancyhdr Warning: \headheight is too small (12.0pt): 
(fancyhdr)                Make it at least 14.49998pt, for example:
(fancyhdr)                \setlength{\headheight}{14.49998pt}.
(fancyhdr)                You might also make \topmargin smaller:
(fancyhdr)                \addtolength{\topmargin}{-2.49998pt}.

[3])
\tf@toc=\write4
\openout4 = `paper.toc'.



Package fancyhdr Warning: \headheight is too small (12.0pt): 
(fancyhdr)                Make it at least 14.49998pt, for example:
(fancyhdr)                \setlength{\headheight}{14.49998pt}.
(fancyhdr)                You might also make \topmargin smaller:
(fancyhdr)                \addtolength{\topmargin}{-2.49998pt}.

[4]
Overfull \hbox (18.3535pt too wide) in paragraph at lines 78--79
[]\C70/rm/m/n/12/4e Â \C70/rm/m/n/12/50 G \C70/rm/m/n/12/76 Ó \C70/rm/m/n/12/68
 ^^G \C70/rm/m/n/12/4e : \C70/rm/m/n/12/53 ü \C70/rm/m/n/12/70 π \C70/rm/m/n/12
/5e ˙ \C70/rm/m/n/12/7a À \C70/rm/m/n/12/4e 	 \C70/rm/m/n/12/7e Ù \C70/rm/m/n/1
2/76 Ù \C70/rm/m/n/12/89 “ \C70/rm/m/n/12/57 P \C70/rm/m/n/12/68 ^^G \C70/rm/m/
n/12/7c ˚|\C70/rm/m/n/12/ff ^^L| \C70/rm/m/n/12/6c 4 \C70/rm/m/n/12/5e s \C70/r
m/m/n/12/97 b \C70/rm/m/n/12/4e :$\OML/cmm/m/it/12 xy$\C70/rm/m/n/12/5e s \C70/
rm/m/n/12/97 b|\C70/rm/m/n/12/30 ^^B| \C70/rm/m/n/12/77 ^^_ \C70/rm/m/n/12/76 Ó
 \C70/rm/m/n/12/68 ^^G \C70/rm/m/n/12/4e : \C70/rm/m/n/12/5e ï \C70/rm/m/n/12/9
7 b \C70/rm/m/n/12/57 ^^F \C70/rm/m/n/12/5f √$\OT1/cmr/m/n/12 (0\OML/cmm/m/it/1
2 ; \OT1/cmr/m/n/12 200\OML/cmm/m/it/12 ; \OT1/cmr/m/n/12 0)$|\C70/rm/m/n/12/30
 ^^A|
 []


Package fancyhdr Warning: \headheight is too small (12.0pt): 
(fancyhdr)                Make it at least 14.49998pt, for example:
(fancyhdr)                \setlength{\headheight}{14.49998pt}.
(fancyhdr)                You might also make \topmargin smaller:
(fancyhdr)                \addtolength{\topmargin}{-2.49998pt}.

[5]

Package fancyhdr Warning: \headheight is too small (12.0pt): 
(fancyhdr)                Make it at least 14.49998pt, for example:
(fancyhdr)                \setlength{\headheight}{14.49998pt}.
(fancyhdr)                You might also make \topmargin smaller:
(fancyhdr)                \addtolength{\topmargin}{-2.49998pt}.

[6]
Overfull \hbox (23.40329pt too wide) in paragraph at lines 165--166
[]\C70/rm/bx/n/12/5b ¸ \C70/rm/bx/n/12/5f 9 \C70/rm/bx/n/12/4e ^^N \C70/rm/bx/n
/12/65 ‡ \C70/rm/bx/n/12/4e ∫ \C70/rm/bx/n/12/67 : \C70/rm/bx/n/12/89 ∆ \C70/rm
/bx/n/12/4e : \C70/rm/bx/n/12/8d ( \C70/rm/bx/n/12/70 π|\C70/rm/m/n/12/ff ^^Z| 
\C70/rm/m/n/12/5b ¸ \C70/rm/m/n/12/5f 9 \C70/rm/m/n/12/54 å \C70/rm/m/n/12/65 ‡
 \C70/rm/m/n/12/4e ∫ \C70/rm/m/n/12/67 : \C70/rm/m/n/12/5c : \C70/rm/m/n/12/5b 
¯ |\C70/rm/m/n/12/ff ^^H|$\OMS/cmsy/m/n/12 ^^X$\OT1/cmr/m/n/12 10m\C70/rm/m/n/1
2/7e ß|\C70/rm/m/n/12/ff 	| \C70/rm/m/n/12/8f ‹ \C70/rm/m/n/12/5c ^^O \C70/rm/m
/n/12/4e é \C70/rm/m/n/12/5f 9 \C70/rm/m/n/12/76 Ó \C70/rm/m/n/12/8d › \C70/rm/
m/n/12/79 ª |\C70/rm/m/n/12/ff ^^H|$\OMS/cmsy/m/n/12 ^^X \OT1/cmr/m/n/12 10[]$m
\C70/rm/m/n/12/7e ß|\C70/rm/m/n/12/ff 	||^^L|
 []


Package fancyhdr Warning: \headheight is too small (12.0pt): 
(fancyhdr)                Make it at least 14.49998pt, for example:
(fancyhdr)                \setlength{\headheight}{14.49998pt}.
(fancyhdr)                You might also make \topmargin smaller:
(fancyhdr)                \addtolength{\topmargin}{-2.49998pt}.

[7]

Package fancyhdr Warning: \headheight is too small (12.0pt): 
(fancyhdr)                Make it at least 14.49998pt, for example:
(fancyhdr)                \setlength{\headheight}{14.49998pt}.
(fancyhdr)                You might also make \topmargin smaller:
(fancyhdr)                \addtolength{\topmargin}{-2.49998pt}.

[8]
<figure3_schematic.png, id=562, 847.2453pt x 716.6775pt>
File: figure3_schematic.png Graphic file (type png)
<use figure3_schematic.png>
Package pdftex.def Info: figure3_schematic.png  used on input line 236.
(pdftex.def)             Requested size: 386.96027pt x 327.33543pt.


Package fancyhdr Warning: \headheight is too small (12.0pt): 
(fancyhdr)                Make it at least 14.49998pt, for example:
(fancyhdr)                \setlength{\headheight}{14.49998pt}.
(fancyhdr)                You might also make \topmargin smaller:
(fancyhdr)                \addtolength{\topmargin}{-2.49998pt}.

[9 <./figure3_schematic.png>]
Overfull \hbox (28.41638pt too wide) in paragraph at lines 254--255
\C70/rm/m/n/12/70 ﬂ \C70/rm/m/n/12/5e U \C70/rm/m/n/12/53 J \C70/rm/m/n/12/5f Ñ
\OT1/cmr/m/n/12 10m|\C70/rm/m/n/12/30 ^^B| \C70/rm/m/n/12/4e ‰$\OML/cmm/m/it/12
 ^^N\OT1/cmr/m/n/12 (\OML/cmm/m/it/12 ^^\\OT1/cmr/m/n/12 )$\C70/rm/m/n/12/88 h 
\C70/rm/m/n/12/79 : \C70/rm/m/n/12/6b e \C70/rm/m/n/12/95 ^^? \C70/rm/m/n/12/4e
 :$\OML/cmm/m/it/12 ^^\$\C70/rm/m/n/12/65 ˆ \C70/rm/m/n/12/76 Ñ \C70/rm/m/n/12/
90 n \C70/rm/m/n/12/85 = \C70/rm/m/n/12/65 ˆ \C70/rm/m/n/12/95 ^^? \C70/rm/m/n/
12/8b ° \C70/rm/m/n/12/7b ó \C70/rm/m/n/12/7e ” \C70/rm/m/n/12/67 ú|\C70/rm/m/n
/12/30 ^^B| \C70/rm/m/n/12/5b ˘$\OML/cmm/m/it/12 ^^\ \OMS/cmsy/m/n/12 2 f\OT1/c
mr/m/n/12 0\OML/cmm/m/it/12 :\OT1/cmr/m/n/12 1\OML/cmm/m/it/12 ; \OT1/cmr/m/n/1
2 0\OML/cmm/m/it/12 :\OT1/cmr/m/n/12 01\OML/cmm/m/it/12 ; \OT1/cmr/m/n/12 0\OML
/cmm/m/it/12 :\OT1/cmr/m/n/12 001\OML/cmm/m/it/12 ; \OT1/cmr/m/n/12 0\OML/cmm/m
/it/12 :\OT1/cmr/m/n/12 0001\OMS/cmsy/m/n/12 g$\OT1/cmr/m/n/12 s\C70/rm/m/n/12/
8f €
 []


Package fancyhdr Warning: \headheight is too small (12.0pt): 
(fancyhdr)                Make it at least 14.49998pt, for example:
(fancyhdr)                \setlength{\headheight}{14.49998pt}.
(fancyhdr)                You might also make \topmargin smaller:
(fancyhdr)                \addtolength{\topmargin}{-2.49998pt}.

[10]

Package fancyhdr Warning: \headheight is too small (12.0pt): 
(fancyhdr)                Make it at least 14.49998pt, for example:
(fancyhdr)                \setlength{\headheight}{14.49998pt}.
(fancyhdr)                You might also make \topmargin smaller:
(fancyhdr)                \addtolength{\topmargin}{-2.49998pt}.

[11]
<problem2_sensitivity.png, id=597, 859.5312pt x 711.1368pt>
File: problem2_sensitivity.png Graphic file (type png)
<use problem2_sensitivity.png>
Package pdftex.def Info: problem2_sensitivity.png  used on input line 376.
(pdftex.def)             Requested size: 409.71692pt x 338.9871pt.


Package fancyhdr Warning: \headheight is too small (12.0pt): 
(fancyhdr)                Make it at least 14.49998pt, for example:
(fancyhdr)                \setlength{\headheight}{14.49998pt}.
(fancyhdr)                You might also make \topmargin smaller:
(fancyhdr)                \addtolength{\topmargin}{-2.49998pt}.

[12]

Package fancyhdr Warning: \headheight is too small (12.0pt): 
(fancyhdr)                Make it at least 14.49998pt, for example:
(fancyhdr)                \setlength{\headheight}{14.49998pt}.
(fancyhdr)                You might also make \topmargin smaller:
(fancyhdr)                \addtolength{\topmargin}{-2.49998pt}.

[13 <./problem2_sensitivity.png>]
<problem2_optimization.png, id=617, 1004.3121pt x 711.1368pt>
File: problem2_optimization.png Graphic file (type png)
<use problem2_optimization.png>
Package pdftex.def Info: problem2_optimization.png  used on input line 407.
(pdftex.def)             Requested size: 432.48051pt x 306.2386pt.


Package fancyhdr Warning: \headheight is too small (12.0pt): 
(fancyhdr)                Make it at least 14.49998pt, for example:
(fancyhdr)                \setlength{\headheight}{14.49998pt}.
(fancyhdr)                You might also make \topmargin smaller:
(fancyhdr)                \addtolength{\topmargin}{-2.49998pt}.

[14 <./problem2_optimization.png>]
Overfull \hbox (1.6313pt too wide) in paragraph at lines 433--434
[]\C70/rm/bx/n/12/6d ˜ \C70/rm/bx/n/12/54 ^^H \C70/rm/bx/n/12/91 « \C70/rm/bx/n
/12/68 7 |\C70/rm/bx/n/12/ff ^^H|\OT1/cmr/bx/n/12 30000\C70/rm/bx/n/12/68 7 \C7
0/rm/bx/n/12/67 ,|\C70/rm/bx/n/12/ff 	||\C70/rm/m/n/12/ff ^^Z| \OT1/cmr/m/n/12 
50%\C70/rm/m/n/12/4e Â \C70/rm/m/n/12/95 Ó \C70/rm/m/n/12/98 ò\OT1/cmr/m/n/12 2
\C70/rm/m/n/12/67 ^^@ \C70/rm/m/n/12/4f ^^X \C70/rm/m/n/12/89 „ \C70/rm/m/n/12/
4e : \C70/rm/m/n/12/95 ^^Z \C70/rm/m/n/12/70 π |\C70/rm/m/n/12/ff ^^H|\C70/rm/m
/n/12/5f 9\OT1/cmr/m/n/12 1|\C70/rm/m/n/12/ff 	| \OT1/cmr/m/n/12 + \C70/rm/m/n/
12/72 i \C70/rm/m/n/12/74 ^^F \C70/rm/m/n/12/5f ^^U \C70/rm/m/n/12/5b ¸ |\C70/r
m/m/n/12/ff ^^H|\C70/rm/m/n/12/5f 9\OT1/cmr/m/n/12 2\C70/rm/m/n/12/5f 9\OT1/cmr
/m/n/12 3\C70/rm/m/n/12/98 ﬁ
 []


Overfull \hbox (1.07936pt too wide) in paragraph at lines 436--437
[]\C70/rm/bx/n/12/5f 9\OT1/cmr/bx/n/12 3\C70/rm/bx/n/12/4e ^^S \C70/rm/bx/n/12/
98 y \C70/rm/bx/n/12/62 Ô \C70/rm/bx/n/12/65 Q|\C70/rm/m/n/12/ff ^^Z| \C70/rm/m
/n/12/68 ¿ \C70/rm/m/n/12/6d K \C70/rm/m/n/12/5f 9\OT1/cmr/m/n/12 3\C70/rm/m/n/
12/8f π \C70/rm/m/n/12/96 E \C70/rm/m/n/12/8d ! \C70/rm/m/n/12/73 .$\OML/cmm/m/
it/12 < \OT1/cmr/m/n/12 0\OML/cmm/m/it/12 :\OT1/cmr/m/n/12 1$s\C70/rm/m/n/12/65
 ˆ \C70/rm/m/n/12/89 Ê \C70/rm/m/n/12/53 — |\C70/rm/m/n/12/20 ^^T||^^T| \C70/rm
/m/n/12/56 ˙ \C70/rm/m/n/12/5b ö \C70/rm/m/n/12/5f 9\OT1/cmr/m/n/12 1+\C70/rm/m
/n/12/5f 9\OT1/cmr/m/n/12 2\C70/rm/m/n/12/67 ^^@ \C70/rm/m/n/12/4f ^^X \C70/rm/
m/n/12/53 ¬ \C70/rm/m/n/12/65 p|\C70/rm/m/n/12/ff ^^L| \C70/rm/m/n/12/5b ˘ \C70
/rm/m/n/12/5f 9\OT1/cmr/m/n/12 3\C70/rm/m/n/12/8f €
 []

! Missing $ inserted.
<inserted text> 
                $
l.446 \textbf{ÂºπÂè∑} & $\theta$ (^
                                   \circ) & $v$ (m/s) & Á≠ñÁï• & Ë¥°ÁåÆÂç†ÊØ...
I've inserted a begin-math/end-math symbol since I think
you left one out. Proceed, with fingers crossed.

! Missing $ inserted.
<inserted text> 
                $
l.446 \textbf{ÂºπÂè∑} & $\theta$ (^\circ) &
                                            $v$ (m/s) & Á≠ñÁï• & Ë¥°ÁåÆÂç†ÊØ...
I've inserted something that you may have forgotten.
(See the <inserted text> above.)
With luck, this will get me unwedged. But if you
really didn't forget anything, try typing `2' now; then
my insertion and my current dilemma will both disappear.


Package fancyhdr Warning: \headheight is too small (12.0pt): 
(fancyhdr)                Make it at least 14.49998pt, for example:
(fancyhdr)                \setlength{\headheight}{14.49998pt}.
(fancyhdr)                You might also make \topmargin smaller:
(fancyhdr)                \addtolength{\topmargin}{-2.49998pt}.

[15]
<problem3_gantt.png, id=638, 1004.553pt x 357.2547pt>
File: problem3_gantt.png Graphic file (type png)
<use problem3_gantt.png>
Package pdftex.def Info: problem3_gantt.png  used on input line 461.
(pdftex.def)             Requested size: 418.82375pt x 148.95024pt.
<problem3_trajectory.png, id=639, 1250.0301pt x 550.4565pt>
File: problem3_trajectory.png Graphic file (type png)
<use problem3_trajectory.png>
Package pdftex.def Info: problem3_trajectory.png  used on input line 468.
(pdftex.def)             Requested size: 418.82375pt x 184.43137pt.


Package fancyhdr Warning: \headheight is too small (12.0pt): 
(fancyhdr)                Make it at least 14.49998pt, for example:
(fancyhdr)                \setlength{\headheight}{14.49998pt}.
(fancyhdr)                You might also make \topmargin smaller:
(fancyhdr)                \addtolength{\topmargin}{-2.49998pt}.

[16 <./problem3_gantt.png> <./problem3_trajectory.png>]
! Missing $ inserted.
<inserted text> 
                $
l.491 \textbf{Êó†‰∫∫Êú∫} & $\theta$ (^
                                      \circ) & $v$ (m/s) & ÈÅÆËîΩÊó∂Èïø (s) ...
I've inserted a begin-math/end-math symbol since I think
you left one out. Proceed, with fingers crossed.

! Missing $ inserted.
<inserted text> 
                $
l.491 \textbf{Êó†‰∫∫Êú∫} & $\theta$ (^\circ) &
                                               $v$ (m/s) & ÈÅÆËîΩÊó∂Èïø (s) ...
I've inserted something that you may have forgotten.
(See the <inserted text> above.)
With luck, this will get me unwedged. But if you
really didn't forget anything, try typing `2' now; then
my insertion and my current dilemma will both disappear.

! Missing $ inserted.
<inserted text> 
                $
l.509 \textbf{Êó†‰∫∫Êú∫} & $\theta$ (^
                                      \circ) & $v$ (m/s) & ÊäïÊîæ‰ΩçÁΩÆ & Ëµ...
I've inserted a begin-math/end-math symbol since I think
you left one out. Proceed, with fingers crossed.

! Missing $ inserted.
<inserted text> 
                $
l.509 \textbf{Êó†‰∫∫Êú∫} & $\theta$ (^\circ) &
                                               $v$ (m/s) & ÊäïÊîæ‰ΩçÁΩÆ & Ëµ...
I've inserted something that you may have forgotten.
(See the <inserted text> above.)
With luck, this will get me unwedged. But if you
really didn't forget anything, try typing `2' now; then
my insertion and my current dilemma will both disappear.

<problem4_gantt.png, id=649, 1004.553pt x 357.2547pt>
File: problem4_gantt.png Graphic file (type png)
<use problem4_gantt.png>
Package pdftex.def Info: problem4_gantt.png  used on input line 526.
(pdftex.def)             Requested size: 418.82375pt x 148.95024pt.

Package fancyhdr Warning: \headheight is too small (12.0pt): 
(fancyhdr)                Make it at least 14.49998pt, for example:
(fancyhdr)                \setlength{\headheight}{14.49998pt}.
(fancyhdr)                You might also make \topmargin smaller:
(fancyhdr)                \addtolength{\topmargin}{-2.49998pt}.

[17]
<problem4_trajectory.png, id=658, 1261.8342pt x 550.4565pt>
File: problem4_trajectory.png Graphic file (type png)
<use problem4_trajectory.png>
Package pdftex.def Info: problem4_trajectory.png  used on input line 533.
(pdftex.def)             Requested size: 418.82375pt x 182.70111pt.


Package fancyhdr Warning: \headheight is too small (12.0pt): 
(fancyhdr)                Make it at least 14.49998pt, for example:
(fancyhdr)                \setlength{\headheight}{14.49998pt}.
(fancyhdr)                You might also make \topmargin smaller:
(fancyhdr)                \addtolength{\topmargin}{-2.49998pt}.

[18 <./problem4_gantt.png> <./problem4_trajectory.png>]
Overfull \hbox (26.16284pt too wide) in paragraph at lines 549--550
[]\C70/rm/bx/n/12/72 i \C70/rm/bx/n/12/74 ^^F \C70/rm/bx/n/12/53 Ô \C70/rm/bx/n
/12/88 L \C70/rm/bx/n/12/60 ' \C70/rm/bx/n/12/7e ¶ \C70/rm/bx/n/12/67 _|\C70/rm
/m/n/12/ff ^^Z| \C70/rm/m/n/12/5e v \C70/rm/m/n/12/97 ^ \C70/rm/m/n/12/62 @ \C7
0/rm/m/n/12/67 	 |\C70/rm/m/n/12/ff ^^H|\C70/rm/m/n/12/65 ‡ \C70/rm/m/n/12/4e ∫
 \C70/rm/m/n/12/67 :|\C70/rm/m/n/12/ff ^^L| \C70/rm/m/n/12/5b ¸ \C70/rm/m/n/12/
5f 9|\C70/rm/m/n/12/ff 	| \C70/rm/m/n/12/5b ˘ \C70/rm/m/n/12/90 ˝ \C70/rm/m/n/1
2/80 ˝ \C70/rm/m/n/12/5f b \C70/rm/m/n/12/62 ^^P \C70/rm/m/n/12/67 	 \C70/rm/m/
n/12/65 H \C70/rm/m/n/12/90 n \C70/rm/m/n/12/85 = |\C70/rm/m/n/12/20 ^^T||^^T| 
\C70/rm/m/n/12/4f ã \C70/rm/m/n/12/59 Ç\OT1/cmr/m/n/12 FY1\C70/rm/m/n/12/8d ›\O
T1/cmr/m/n/12 M3\C70/rm/m/n/12/76 Ñ
 []


Overfull \hbox (55.64615pt too wide) in paragraph at lines 554--555
[]\C70/rm/bx/n/12/68 8 \C70/rm/bx/n/12/5f √ \C70/rm/bx/n/12/60 ^^] Û|\C70/rm/m/
n/12/ff ^^Z| \C70/rm/m/n/12/4e ^^M \C70/rm/m/n/12/57 (\OT1/cmr/m/n/12 60\C70/rm
/m/n/12/7e Ù \C70/rm/m/n/12/53 ¬ \C70/rm/m/n/12/65 p \C70/rm/m/n/12/7a z \C70/r
m/m/n/12/95 Ù \C70/rm/m/n/12/76 Ù \C70/rm/m/n/12/63 • \C70/rm/m/n/12/64 ^^\ \C7
0/rm/m/n/12/7d "|\C70/rm/m/n/12/ff ^^L| \C70/rm/m/n/12/80 ^^L \C70/rm/m/n/12/66
 / \C70/rm/m/n/12/57 (\OT1/cmr/m/n/12 "\C70/rm/m/n/12/76 Ó \C70/rm/m/n/12/68 ^^
G \C70/rm/m/n/12/7a z \C70/rm/m/n/12/95 Ù\OT1/cmr/m/n/12 " |\C70/rm/m/n/12/20 ^
^T||^^T| \C70/rm/m/n/12/53 s \C70/rm/m/n/12/70 ﬂ \C70/rm/m/n/12/5e U \C70/rm/m/
n/12/8d w \C70/rm/m/n/12/72 ^^F \C70/rm/m/n/12/4f M \C70/rm/m/n/12/7f n$\OT1/cm
r/m/n/12 (\OML/cmm/m/it/12 C[]; C[]; C[]\OT1/cmr/m/n/12 )$\C70/rm/m/n/12/54 å
 []

Package hyperref Info: bookmark level for unknown algorithm defaults to 0 on in
put line 569.

Package fancyhdr Warning: \headheight is too small (12.0pt): 
(fancyhdr)                Make it at least 14.49998pt, for example:
(fancyhdr)                \setlength{\headheight}{14.49998pt}.
(fancyhdr)                You might also make \topmargin smaller:
(fancyhdr)                \addtolength{\topmargin}{-2.49998pt}.

[19]

Package fancyhdr Warning: \headheight is too small (12.0pt): 
(fancyhdr)                Make it at least 14.49998pt, for example:
(fancyhdr)                \setlength{\headheight}{14.49998pt}.
(fancyhdr)                You might also make \topmargin smaller:
(fancyhdr)                \addtolength{\topmargin}{-2.49998pt}.

[20]
<problem5_gantt.png, id=693, 1149.093pt x 711.3777pt>
File: problem5_gantt.png Graphic file (type png)
<use problem5_gantt.png>
Package pdftex.def Info: problem5_gantt.png  used on input line 649.
(pdftex.def)             Requested size: 418.82375pt x 259.28706pt.
<problem5_trajectory.png, id=694, 1409.265pt x 801.9561pt>
File: problem5_trajectory.png Graphic file (type png)
<use problem5_trajectory.png>
Package pdftex.def Info: problem5_trajectory.png  used on input line 656.
(pdftex.def)             Requested size: 418.82375pt x 238.3371pt.


Package fancyhdr Warning: \headheight is too small (12.0pt): 
(fancyhdr)                Make it at least 14.49998pt, for example:
(fancyhdr)                \setlength{\headheight}{14.49998pt}.
(fancyhdr)                You might also make \topmargin smaller:
(fancyhdr)                \addtolength{\topmargin}{-2.49998pt}.

[21 <./problem5_gantt.png>]
<problem5_comparison.png, id=703, 715.473pt x 425.9112pt>
File: problem5_comparison.png Graphic file (type png)
<use problem5_comparison.png>
Package pdftex.def Info: problem5_comparison.png  used on input line 663.
(pdftex.def)             Requested size: 318.66948pt x 189.6956pt.


Package fancyhdr Warning: \headheight is too small (12.0pt): 
(fancyhdr)                Make it at least 14.49998pt, for example:
(fancyhdr)                \setlength{\headheight}{14.49998pt}.
(fancyhdr)                You might also make \topmargin smaller:
(fancyhdr)                \addtolength{\topmargin}{-2.49998pt}.

[22 <./problem5_trajectory.png> <./problem5_comparison.png>]
Overfull \hbox (23.36346pt too wide) in paragraph at lines 685--686
[]\C70/rm/bx/n/12/8d * \C70/rm/bx/n/12/5a j \C70/rm/bx/n/12/7b V \C70/rm/bx/n/1
2/75 e \C70/rm/bx/n/12/76 Ñ \C70/rm/bx/n/12/6b ! \C70/rm/bx/n/12/4f ^^X \C70/rm
/bx/n/12/60 '|\C70/rm/m/n/12/ff ^^Z| \C70/rm/m/n/12/95 Ó \C70/rm/m/n/12/98 ò\OT
1/cmr/m/n/12 5\C70/rm/m/n/12/76 Ñ \C70/rm/m/n/12/8d * \C70/rm/m/n/12/5a j \C70/
rm/m/n/12/52 ^^F \C70/rm/m/n/12/91 M \C70/rm/m/n/12/4e ^^M \C70/rm/m/n/12/80 ˝ 
\C70/rm/m/n/12/4f › \C70/rm/m/n/12/8b ¡ \C70/rm/m/n/12/51 h \C70/rm/m/n/12/5c @
 \C70/rm/m/n/12/67 ^^@ \C70/rm/m/n/12/4f ^^X|\C70/rm/m/n/12/30 ^^B| \C70/rm/m/n
/12/74 ^^F \C70/rm/m/n/12/8b ∫ \C70/rm/m/n/12/4e 
|\C70/rm/m/n/12/ff ^^L| \C70/rm/m/n/12/80 T \C70/rm/m/n/12/54 ^^H \C70/rm/m/n/1
2/52 ^^F \C70/rm/m/n/12/91 M\OT1/cmr/m/n/12 15\C70/rm/m/n/12/5f 9$\OMS/cmsy/m/n
/12 ^^B$\OT1/cmr/m/n/12 3\C70/rm/m/n/12/5b ¸
 []


Overfull \hbox (5.70876pt too wide) in paragraph at lines 686--687
[]\C70/rm/bx/n/12/77 ¨ \C70/rm/bx/n/12/65 ˆ \C70/rm/bx/n/12/8f l \C70/rm/bx/n/1
2/54 ^^Q \C70/rm/bx/n/12/50 G \C70/rm/bx/n/12/8b æ|\C70/rm/m/n/12/ff ^^Z| \C70/
rm/m/n/12/50 G \C70/rm/m/n/12/8b æ \C70/rm/m/n/12/65 ‡ \C70/rm/m/n/12/4e ∫ \C70
/rm/m/n/12/67 : \C70/rm/m/n/12/53 Ô \C70/rm/m/n/12/77 ¨ \C70/rm/m/n/12/65 ˆ \C7
0/rm/m/n/12/8c ^^C \C70/rm/m/n/12/65 t \C70/rm/m/n/12/82 * \C70/rm/m/n/12/54 ^^
Q|\C70/rm/m/n/12/30 ^^B| \C70/rm/m/n/12/5b û \C70/rm/m/n/12/96 E \C70/rm/m/n/12
/56 ˙ \C70/rm/m/n/12/5b ö \C70/rm/m/n/12/7f ¸ \C70/rm/m/n/12/65 ‡ \C70/rm/m/n/1
2/4e ∫ \C70/rm/m/n/12/67 : \C70/rm/m/n/12/76 Ñ \C70/rm/m/n/12/8f l \C70/rm/m/n/
12/5f / \C70/rm/m/n/12/53 J \C70/rm/m/n/12/5f Ñ$\OML/cmm/m/it/12 R[] \OT1/cmr/m
/n/12 =
 []


Overfull \hbox (2.87802pt too wide) in paragraph at lines 692--693
[]\C70/rm/bx/n/12/96 è \C70/rm/bx/n/12/67 : \C70/rm/bx/n/12/98 Œ \C70/rm/bx/n/1
2/57 : \C70/rm/bx/n/12/9c Å \C70/rm/bx/n/12/68 “ \C70/rm/bx/n/12/4f ^^X \C70/rm
/bx/n/12/53 ^^V|\C70/rm/m/n/12/ff ^^Z| \C70/rm/m/n/12/57 ( \C70/rm/m/n/12/76 Ó 
\C70/rm/m/n/12/68 ^^G \C70/rm/m/n/12/51 ˝ \C70/rm/m/n/12/65 p \C70/rm/m/n/12/4e
 - \C70/rm/m/n/12/52 † \C70/rm/m/n/12/51 e \C70/rm/m/n/12/98 Œ \C70/rm/m/n/12/5
7 : \C70/rm/m/n/12/62 p \C70/rm/m/n/12/52 ® \C70/rm/m/n/12/98 y$[]$|\C70/rm/m/n
/12/ff ^^L| \C70/rm/m/n/12/4f ^^X \C70/rm/m/n/12/53 ^^V$[][] [][] \OML/cmm/m/it
/12 f\OT1/cmr/m/n/12 (\OT1/cmr/bx/n/12 x\OT1/cmr/m/n/12 ; [])$\C70/rm/m/n/12/76
 Ñ
 []


Package fancyhdr Warning: \headheight is too small (12.0pt): 
(fancyhdr)                Make it at least 14.49998pt, for example:
(fancyhdr)                \setlength{\headheight}{14.49998pt}.
(fancyhdr)                You might also make \topmargin smaller:
(fancyhdr)                \addtolength{\topmargin}{-2.49998pt}.

[23]
Underfull \hbox (badness 1824) in paragraph at lines 707--708
[]\C70/rm/m/n/12/51 h \C70/rm/m/n/12/56 ˝ \C70/rm/m/n/12/59 ' \C70/rm/m/n/12/5b
 f \C70/rm/m/n/12/75 ^^_ \C70/rm/m/n/12/65 p \C70/rm/m/n/12/5b f \C70/rm/m/n/12
/5e ˙ \C70/rm/m/n/12/6a ! \C70/rm/m/n/12/7a ﬁ \C70/rm/m/n/12/8d [ \C70/rm/m/n/1
2/7e ƒ \C70/rm/m/n/12/59 ‘ \C70/rm/m/n/12/4f ^^Z\OT1/cmr/m/n/12 . 2025\C70/rm/m
/n/12/5e t \C70/rm/m/n/12/9a ÿ \C70/rm/m/n/12/65 Y \C70/rm/m/n/12/79 > \C70/rm/
m/n/12/67 o \C70/rm/m/n/12/51 h \C70/rm/m/n/12/56 ˝ \C70/rm/m/n/12/59 ' \C70/rm
/m/n/12/5b f \C70/rm/m/n/12/75 ^^_ \C70/rm/m/n/12/65 p \C70/rm/m/n/12/5b f \C70
/rm/m/n/12/5e ˙ \C70/rm/m/n/12/6a ! \C70/rm/m/n/12/7a ﬁ
 []


Package fancyhdr Warning: \headheight is too small (12.0pt): 
(fancyhdr)                Make it at least 14.49998pt, for example:
(fancyhdr)                \setlength{\headheight}{14.49998pt}.
(fancyhdr)                You might also make \topmargin smaller:
(fancyhdr)                \addtolength{\topmargin}{-2.49998pt}.

[24]

Package fancyhdr Warning: \headheight is too small (12.0pt): 
(fancyhdr)                Make it at least 14.49998pt, for example:
(fancyhdr)                \setlength{\headheight}{14.49998pt}.
(fancyhdr)                You might also make \topmargin smaller:
(fancyhdr)                \addtolength{\topmargin}{-2.49998pt}.

[25]
Overfull \hbox (27.00905pt too wide) in paragraph at lines 785--804
 [][] 
 []


Overfull \hbox (31.02847pt too wide) in paragraph at lines 811--823
 [][] 
 []


Package fancyhdr Warning: \headheight is too small (12.0pt): 
(fancyhdr)                Make it at least 14.49998pt, for example:
(fancyhdr)                \setlength{\headheight}{14.49998pt}.
(fancyhdr)                You might also make \topmargin smaller:
(fancyhdr)                \addtolength{\topmargin}{-2.49998pt}.

[26]

Package fancyhdr Warning: \headheight is too small (12.0pt): 
(fancyhdr)                Make it at least 14.49998pt, for example:
(fancyhdr)                \setlength{\headheight}{14.49998pt}.
(fancyhdr)                You might also make \topmargin smaller:
(fancyhdr)                \addtolength{\topmargin}{-2.49998pt}.

[27] (paper.aux)
 ***********
LaTeX2e <2026-06-01>
L3 programming layer <2026/07/13>
 ***********
Package rerunfilecheck Info: File `paper.out' has not changed.
(rerunfilecheck)             Checksum: 839070EF77574741C5E4D1745C8CA28C;6444.
 ) 
Here is how much of TeX's memory you used:
 22103 strings out of 467510
 371816 string characters out of 5423348
 960562 words of memory out of 5000000
 50307 multiletter control sequences out of 15000+600000
 755792 words of font info for 476 fonts, out of 8000000 for 9000
 1141 hyphenation exceptions out of 8191
 78i,15n,92p,1193b,662s stack positions out of 10000i,1000n,20000p,200000b,200000s
<C:/WINDOWS/Fonts/simsun.ttc><C:/WINDOWS/Fonts/simhei.ttf><C:/WINDOWS/Fonts/s
imhei.ttf><C:/WINDOWS/Fonts/simhei.ttf><C:/WINDOWS/Fonts/simhei.ttf><C:/WINDOWS
/Fonts/simhei.ttf><C:/WINDOWS/Fonts/simhei.ttf><C:/WINDOWS/Fonts/simhei.ttf> <D
:\CTEX\UserData\fonts/pk/ljfour/jknappen/ec/dpi600\tcrm1200.pk><C:/WINDOWS/Font
s/simhei.ttf><C:/WINDOWS/Fonts/simsun.ttc><C:/WINDOWS/Fonts/simhei.ttf><C:/WIND
OWS/Fonts/simhei.ttf><C:/WINDOWS/Fonts/simsun.ttc><C:/WINDOWS/Fonts/simhei.ttf>
<C:/WINDOWS/Fonts/simhei.ttf><C:/WINDOWS/Fonts/simhei.ttf><C:/WINDOWS/Fonts/sim
hei.ttf><C:/WINDOWS/Fonts/simhei.ttf><C:/WINDOWS/Fonts/simhei.ttf><C:/WINDOWS/F
onts/simhei.ttf><C:/WINDOWS/Fonts/simsun.ttc><C:/WINDOWS/Fonts/simsun.ttc><C:/W
INDOWS/Fonts/simhei.ttf><C:/WINDOWS/Fonts/simsun.ttc><C:/WINDOWS/Fonts/simhei.t
tf><C:/WINDOWS/Fonts/simhei.ttf><C:/WINDOWS/Fonts/simsun.ttc><C:/WINDOWS/Fonts/
simhei.ttf><C:/WINDOWS/Fonts/simhei.ttf> <D:\CTEX\UserData\fonts/pk/ljfour/jkna
ppen/ec/dpi657\tcbx1000.pk><C:/WINDOWS/Fonts/simhei.ttf><C:/WINDOWS/Fonts/simhe
i.ttf><C:/WINDOWS/Fonts/simhei.ttf><C:/WINDOWS/Fonts/simsun.ttc> <D:\CTEX\UserD
ata\fonts/pk/ljfour/jknappen/ec/dpi657\tcrm1000.pk><C:/WINDOWS/Fonts/simsun.ttc
><C:/WINDOWS/Fonts/simsun.ttc><C:/WINDOWS/Fonts/simsun.ttc><C:/WINDOWS/Fonts/si
msun.ttc><C:/WINDOWS/Fonts/simhei.ttf><C:/WINDOWS/Fonts/simhei.ttf><C:/WINDOWS/
Fonts/simhei.ttf><C:/WINDOWS/Fonts/simsun.ttc><C:/WINDOWS/Fonts/simhei.ttf><C:/
WINDOWS/Fonts/simsun.ttc><C:/WINDOWS/Fonts/simsun.ttc><C:/WINDOWS/Fonts/simsun.
ttc><C:/WINDOWS/Fonts/simsun.ttc><C:/WINDOWS/Fonts/simsun.ttc><C:/WINDOWS/Fonts
/simsun.ttc><C:/WINDOWS/Fonts/simsun.ttc><C:/WINDOWS/Fonts/simsun.ttc><C:/WINDO
WS/Fonts/simsun.ttc><C:/WINDOWS/Fonts/simsun.ttc><C:/WINDOWS/Fonts/simsun.ttc><
C:/WINDOWS/Fonts/simsun.ttc><C:/WINDOWS/Fonts/simhei.ttf><C:/WINDOWS/Fonts/simh
ei.ttf><C:/WINDOWS/Fonts/simhei.ttf><C:/WINDOWS/Fonts/simhei.ttf><C:/WINDOWS/Fo
nts/simhei.ttf><C:/WINDOWS/Fonts/simhei.ttf><C:/WINDOWS/Fonts/simsun.ttc><C:/WI
NDOWS/Fonts/simsun.ttc><C:/WINDOWS/Fonts/simsun.ttc><C:/WINDOWS/Fonts/simhei.tt
f><C:/WINDOWS/Fonts/simsun.ttc><C:/WINDOWS/Fonts/simsun.ttc><C:/WINDOWS/Fonts/s
imsun.ttc><C:/WINDOWS/Fonts/simsun.ttc><C:/WINDOWS/Fonts/simsun.ttc><C:/WINDOWS
/Fonts/simsun.ttc><C:/WINDOWS/Fonts/simsun.ttc><C:/WINDOWS/Fonts/simsun.ttc><C:
/WINDOWS/Fonts/simsun.ttc><C:/WINDOWS/Fonts/simsun.ttc><C:/WINDOWS/Fonts/simsun
.ttc><C:/WINDOWS/Fonts/simsun.ttc><C:/WINDOWS/Fonts/simsun.ttc><C:/WINDOWS/Font
s/simsun.ttc><C:/WINDOWS/Fonts/simsun.ttc><C:/WINDOWS/Fonts/simsun.ttc><C:/WIND
OWS/Fonts/simsun.ttc><C:/WINDOWS/Fonts/simsun.ttc><C:/WINDOWS/Fonts/simsun.ttc>
<C:/WINDOWS/Fonts/simsun.ttc><C:/WINDOWS/Fonts/simsun.ttc><C:/WINDOWS/Fonts/sim
sun.ttc><C:/WINDOWS/Fonts/simsun.ttc><C:/WINDOWS/Fonts/simsun.ttc><C:/WINDOWS/F
onts/simsun.ttc><C:/WINDOWS/Fonts/simsun.ttc><C:/WINDOWS/Fonts/simsun.ttc><C:/W
INDOWS/Fonts/simsun.ttc><C:/WINDOWS/Fonts/simsun.ttc><C:/WINDOWS/Fonts/simsun.t
tc><C:/WINDOWS/Fonts/simsun.ttc><C:/WINDOWS/Fonts/simsun.ttc><C:/WINDOWS/Fonts/
simsun.ttc><C:/WINDOWS/Fonts/simsun.ttc><C:/WINDOWS/Fonts/simsun.ttc><C:/WINDOW
S/Fonts/simsun.ttc><C:/WINDOWS/Fonts/simsun.ttc><C:/WINDOWS/Fonts/simsun.ttc><C
:/WINDOWS/Fonts/simsun.ttc><C:/WINDOWS/Fonts/simsun.ttc><C:/WINDOWS/Fonts/simsu
n.ttc><C:/WINDOWS/Fonts/simsun.ttc><C:/WINDOWS/Fonts/simhei.ttf><C:/WINDOWS/Fon
ts/simhei.ttf><C:/WINDOWS/Fonts/simhei.ttf><C:/WINDOWS/Fonts/simhei.ttf><C:/WIN
DOWS/Fonts/simhei.ttf><C:/WINDOWS/Fonts/simhei.ttf><C:/WINDOWS/Fonts/simhei.ttf
><C:/WINDOWS/Fonts/simhei.ttf><C:/WINDOWS/Fonts/simhei.ttf><C:/WINDOWS/Fonts/si
mhei.ttf><C:/WINDOWS/Fonts/simhei.ttf><C:/WINDOWS/Fonts/simhei.ttf><C:/WINDOWS/
Fonts/simhei.ttf><C:/WINDOWS/Fonts/simhei.ttf><C:/WINDOWS/Fonts/simhei.ttf><C:/
WINDOWS/Fonts/simhei.ttf><C:/WINDOWS/Fonts/simhei.ttf><C:/WINDOWS/Fonts/simhei.
ttf><C:/WINDOWS/Fonts/simhei.ttf><C:/WINDOWS/Fonts/simhei.ttf><C:/WINDOWS/Fonts
/simhei.ttf><C:/WINDOWS/Fonts/simhei.ttf><C:/WINDOWS/Fonts/simhei.ttf><C:/WINDO
WS/Fonts/simhei.ttf><C:/WINDOWS/Fonts/simhei.ttf><C:/WINDOWS/Fonts/simhei.ttf><
C:/WINDOWS/Fonts/simhei.ttf><C:/WINDOWS/Fonts/simsun.ttc><C:/WINDOWS/Fonts/sims
un.ttc><C:/WINDOWS/Fonts/simsun.ttc><C:/WINDOWS/Fonts/simsun.ttc><C:/WINDOWS/Fo
nts/simsun.ttc><C:/WINDOWS/Fonts/simsun.ttc><C:/WINDOWS/Fonts/simhei.ttf><C:/WI
NDOWS/Fonts/simhei.ttf><C:/WINDOWS/Fonts/simhei.ttf><C:/WINDOWS/Fonts/simhei.tt
f><C:/WINDOWS/Fonts/simhei.ttf><C:/WINDOWS/Fonts/simhei.ttf><C:/WINDOWS/Fonts/s
imhei.ttf><C:/WINDOWS/Fonts/simhei.ttf><D:/CTEX/MiKTeX/fonts/type1/public/amsfo
nts/cm/cmbx10.pfb><D:/CTEX/MiKTeX/fonts/type1/public/amsfonts/cm/cmbx12.pfb><D:
/CTEX/MiKTeX/fonts/type1/public/amsfonts/cm/cmbx8.pfb><D:/CTEX/MiKTeX/fonts/typ
e1/public/amsfonts/cm/cmex10.pfb><D:/CTEX/MiKTeX/fonts/type1/public/amsfonts/cm
/cmmi10.pfb><D:/CTEX/MiKTeX/fonts/type1/public/amsfonts/cm/cmmi12.pfb><D:/CTEX/
MiKTeX/fonts/type1/public/amsfonts/cm/cmmi8.pfb><D:/CTEX/MiKTeX/fonts/type1/pub
lic/amsfonts/cm/cmmib10.pfb><D:/CTEX/MiKTeX/fonts/type1/public/amsfonts/cm/cmr1
0.pfb><D:/CTEX/MiKTeX/fonts/type1/public/amsfonts/cm/cmr12.pfb><D:/CTEX/MiKTeX/
fonts/type1/public/amsfonts/cm/cmr6.pfb><D:/CTEX/MiKTeX/fonts/type1/public/amsf
onts/cm/cmr8.pfb><D:/CTEX/MiKTeX/fonts/type1/public/amsfonts/cm/cmsy10.pfb><D:/
CTEX/MiKTeX/fonts/type1/public/amsfonts/cm/cmsy8.pfb><D:/CTEX/MiKTeX/fonts/type
1/public/amsfonts/symbols/msbm10.pfb>
Output written on paper.pdf (27 pages, 4340610 bytes).
PDF statistics:
 1319 PDF objects out of 1440 (max. 8388607)
 186 named destinations out of 1000 (max. 500000)
 787 words of extra memory for PDF output out of 10000 (max. 10000000)

