\BOOKMARK [1][-]{section.1}{\376\377\225\356\230\230\221\315\217\360}{}% 1
\BOOKMARK [2][-]{subsection.1.1}{\376\377\225\356\230\230\200\314\146\157}{section.1}% 2
\BOOKMARK [2][-]{subsection.1.2}{\376\377\127\072\146\157\213\276\133\232}{section.1}% 3
\BOOKMARK [2][-]{subsection.1.3}{\376\377\162\151\164\006\176\246\147\137}{section.1}% 4
\BOOKMARK [2][-]{subsection.1.4}{\376\377\116\224\116\052\225\356\230\230}{section.1}% 5
\BOOKMARK [1][-]{section.2}{\376\377\225\356\230\230\122\006\147\220\116\016\220\022\217\333\121\163\174\373}{}% 6
\BOOKMARK [2][-]{subsection.2.1}{\376\377\225\356\230\230\166\204\162\151\164\006\147\054\215\050}{section.2}% 7
\BOOKMARK [2][-]{subsection.2.2}{\376\377\116\224\225\356\220\022\217\333\121\163\174\373}{section.2}% 8
\BOOKMARK [2][-]{subsection.2.3}{\376\377\136\372\152\041\145\271\154\325\213\272}{section.2}% 9
\BOOKMARK [1][-]{section.3}{\376\377\152\041\127\213\120\107\213\276\116\016\173\046\123\367\213\364\146\016}{}% 10
\BOOKMARK [2][-]{subsection.3.1}{\376\377\152\041\127\213\120\107\213\276\123\312\121\166\124\010\164\006\140\047\213\272\213\301}{section.3}% 11
\BOOKMARK [2][-]{subsection.3.2}{\376\377\173\046\123\367\213\364\146\016}{section.3}% 12
\BOOKMARK [1][-]{section.4}{\376\377\160\337\136\125\220\156\205\075\166\204\121\340\117\125\152\041\127\213}{}% 13
\BOOKMARK [2][-]{subsection.4.1}{\376\377\122\007\176\277\225\045\220\156\205\075\152\041\127\213}{section.4}% 14
\BOOKMARK [2][-]{subsection.4.2}{\376\377\220\156\205\075\122\044\133\232\121\306\122\031}{section.4}% 15
\BOOKMARK [2][-]{subsection.4.3}{\376\377\217\320\122\250\133\146\152\041\127\213}{section.4}% 16
\BOOKMARK [2][-]{subsection.4.4}{\376\377\127\006\147\361\117\123\166\356\150\007\166\204\174\276\170\156\220\156\205\075\122\044\133\232}{section.4}% 17
\BOOKMARK [1][-]{section.5}{\376\377\225\356\230\230\0001\377\032\123\125\137\071\123\125\166\356\150\007\147\011\145\110\220\156\205\075\145\366\225\177\213\241\173\227}{}% 18
\BOOKMARK [2][-]{subsection.5.1}{\376\377\225\356\230\230\122\006\147\220}{section.5}% 19
\BOOKMARK [2][-]{subsection.5.2}{\376\377\154\102\211\343\145\271\154\325\116\016\153\145\225\177\145\066\145\133\140\047\122\006\147\220}{section.5}% 20
\BOOKMARK [2][-]{subsection.5.3}{\376\377\213\241\173\227\176\323\147\234}{section.5}% 21
\BOOKMARK [2][-]{subsection.5.4}{\376\377\176\323\147\234\232\214\213\301}{section.5}% 22
\BOOKMARK [1][-]{section.6}{\376\377\225\356\230\230\0002\377\032\123\125\137\071\123\125\166\356\150\007\147\000\117\030\142\225\145\076\173\126\165\145}{}% 23
\BOOKMARK [2][-]{subsection.6.1}{\376\377\225\356\230\230\122\006\147\220\116\016\136\372\152\041\226\276\160\271}{section.6}% 24
\BOOKMARK [2][-]{subsection.6.2}{\376\377\117\030\123\026\152\041\127\213\136\372\172\313}{section.6}% 25
\BOOKMARK [2][-]{subsection.6.3}{\376\377\000D\000E\173\227\154\325\213\276\213\241\116\016\145\066\145\133\140\047\122\006\147\220}{section.6}% 26
\BOOKMARK [3][-]{subsubsection.6.3.1}{\376\377\173\227\154\325\220\011\142\351\213\272\213\301}{subsection.6.3}% 27
\BOOKMARK [3][-]{subsubsection.6.3.2}{\376\377\123\302\145\160\221\115\177\156\116\016\145\066\145\133\140\047}{subsection.6.3}% 28
\BOOKMARK [2][-]{subsection.6.4}{\376\377\123\302\145\160\145\117\141\037\140\047\122\006\147\220}{section.6}% 29
\BOOKMARK [3][-]{subsubsection.6.4.1}{\376\377\123\125\123\302\145\160\142\160\122\250}{subsection.6.4}% 30
\BOOKMARK [3][-]{subsubsection.6.4.2}{\376\377\123\302\145\160\200\046\124\010\122\006\147\220}{subsection.6.4}% 31
\BOOKMARK [2][-]{subsection.6.5}{\376\377\117\030\123\026\176\323\147\234}{section.6}% 32
\BOOKMARK [1][-]{section.7}{\376\377\225\356\230\230\0003\377\032\123\125\147\072\116\011\137\071\147\000\117\030\142\225\145\076\173\126\165\145}{}% 33
\BOOKMARK [2][-]{subsection.7.1}{\376\377\225\356\230\230\142\323\134\125\116\016\145\260\130\236\143\021\142\030}{section.7}% 34
\BOOKMARK [2][-]{subsection.7.2}{\376\377\122\006\134\102\155\367\124\010\117\030\123\026}{section.7}% 35
\BOOKMARK [2][-]{subsection.7.3}{\376\377\117\030\123\026\176\323\147\234\116\016\122\006\147\220}{section.7}% 36
\BOOKMARK [1][-]{section.8}{\376\377\225\356\230\230\0004\377\032\116\011\147\072\123\117\124\014\147\000\117\030\142\225\145\076\173\126\165\145}{}% 37
\BOOKMARK [2][-]{subsection.8.1}{\376\377\225\356\230\230\142\323\134\125\116\016\145\260\130\236\143\021\142\030}{section.8}% 38
\BOOKMARK [2][-]{subsection.8.2}{\376\377\123\125\147\072\162\354\172\313\200\375\122\233\213\304\117\060}{section.8}% 39
\BOOKMARK [2][-]{subsection.8.3}{\376\377\117\030\123\026\176\323\147\234}{section.8}% 40
\BOOKMARK [2][-]{subsection.8.4}{\376\377\000F\000Y\0003\215\041\163\056\213\312\145\255\116\016\226\115\176\364\131\004\164\006}{section.8}% 41
\BOOKMARK [1][-]{section.9}{\376\377\225\356\230\230\0005\377\032\116\224\147\072\131\032\137\071\123\117\124\014\136\162\142\160\131\032\147\232\133\374\137\071}{}% 42
\BOOKMARK [2][-]{subsection.9.1}{\376\377\225\356\230\230\122\006\147\220\116\016\150\070\137\303\143\021\142\030}{section.9}% 43
\BOOKMARK [2][-]{subsection.9.2}{\376\377\220\006\217\320\122\250\133\146\145\271\154\325\040\024\040\024\116\316\144\034\175\042\122\060\221\307\150\067}{section.9}% 44
\BOOKMARK [2][-]{subsection.9.3}{\376\377\126\333\226\066\153\265\154\102\211\343\150\106\147\266}{section.9}% 45
\BOOKMARK [2][-]{subsection.9.4}{\376\377\200\375\122\233\167\351\226\065\122\006\147\220}{section.9}% 46
\BOOKMARK [2][-]{subsection.9.5}{\376\377\117\030\123\026\176\323\147\234\116\016\162\151\164\006\147\072\164\006\122\006\147\220}{section.9}% 47
\BOOKMARK [1][-]{section.10}{\376\377\152\041\127\213\213\304\116\367\116\016\145\071\217\333}{}% 48
\BOOKMARK [2][-]{subsection.10.1}{\376\377\152\041\127\213\117\030\160\271}{section.10}% 49
\BOOKMARK [2][-]{subsection.10.2}{\376\377\152\041\127\213\134\100\226\120\116\016\133\232\221\317\122\006\147\220}{section.10}% 50
\BOOKMARK [2][-]{subsection.10.3}{\376\377\145\071\217\333\145\271\124\021\116\016\123\357\210\114\140\047\122\006\147\220}{section.10}% 51
\BOOKMARK [2][-]{subsection.Alph0.1}{\376\377\150\070\137\303\173\227\154\325\117\052\116\343\170\001}{section.10}% 52
\BOOKMARK [2][-]{subsection.Alph0.2}{\376\377\225\356\230\230\0005\133\214\145\164\142\225\145\076\173\126\165\145\210\150}{section.10}% 53
\BOOKMARK [2][-]{subsection.Alph0.3}{\376\377\124\004\225\356\230\230\176\323\147\234\154\107\140\073}{section.10}% 54
