xelatex: security risk: running with elevated privileges
This is XeTeX, Version 3.141592653-2.6-0.999998 (MiKTeX 26.5) (preloaded format=xelatex.fmt)
 restricted \write18 enabled.
entering extended mode
(main.tex
LaTeX2e <2026-06-01>
L3 programming layer <2026-06-18>
(D:\CTEX\MiKTeX\tex/latex/ctex\ctexart.cls
(D:\CTEX\MiKTeX\tex/latex/ctex/config\ctexbackend.cfg)
(D:\CTEX\MiKTeX\tex/latex/l3kernel\expl3.sty
(D:\CTEX\MiKTeX\tex/latex/l3backend\l3backend-xetex.def))
Document Class: ctexart 2026/07/14 v2.6.4 Chinese adapter for class article (CT
EX)
(D:\CTEX\MiKTeX\tex/latex/ctex\ctexhook.sty)
(D:\CTEX\MiKTeX\tex/latex/ctex\ctexpatch.sty)
(D:\CTEX\MiKTeX\tex/latex/base\fix-cm.sty
(D:\CTEX\MiKTeX\tex/latex/base\ts1enc.def))
(D:\CTEX\CTeX\tex/latex/ctex/cfg\ctexopts.cfg)
(D:\CTEX\MiKTeX\tex/latex/base\article.cls
Document Class: article 2025/01/22 v1.4n Standard LaTeX document class
(D:\CTEX\MiKTeX\tex/latex/base\size12.clo))
(D:\CTEX\MiKTeX\tex/latex/ctex/engine\ctex-engine-xetex.def
(D:\CTEX\MiKTeX\tex/xelatex/xecjk\xeCJK.sty
(D:\CTEX\MiKTeX\tex/latex/l3packages/xtemplate\xtemplate.sty)
(D:\CTEX\MiKTeX\tex/latex/fontspec\fontspec.sty
(D:\CTEX\MiKTeX\tex/latex/l3packages/xparse\xparse.sty)
(D:\CTEX\MiKTeX\tex/latex/fontspec\fontspec-xetex.sty
(D:\CTEX\MiKTeX\tex/latex/base\fontenc.sty)
(D:\CTEX\MiKTeX\tex/latex/fontspec\fontspec.cfg)))
(D:\CTEX\MiKTeX\tex/xelatex/xecjk\xeCJK.cfg)))
(D:\CTEX\MiKTeX\tex/latex/zhnumber\zhnumber.sty
(D:\CTEX\MiKTeX\tex/latex/zhnumber\zhnumber-utf8.cfg))
(D:\CTEX\MiKTeX\tex/latex/ctex/scheme\ctex-scheme-chinese-article.def
(D:\CTEX\MiKTeX\tex/latex/ctex/config\ctex-name-utf8.cfg))
(D:\CTEX\MiKTeX\tex/latex/ctex/fontset\ctex-fontset-windows.def))
(D:\CTEX\MiKTeX\tex/latex/ctex/config\ctex.cfg)
(D:\CTEX\MiKTeX\tex/latex/amsmath\amsmath.sty
For additional information on amsmath, use the `?' option.
(D:\CTEX\MiKTeX\tex/latex/amsmath\amstext.sty
(D:\CTEX\MiKTeX\tex/latex/amsmath\amsgen.sty))
(D:\CTEX\MiKTeX\tex/latex/amsmath\amsbsy.sty)
(D:\CTEX\MiKTeX\tex/latex/amsmath\amsopn.sty))
(D:\CTEX\MiKTeX\tex/latex/amsfonts\amssymb.sty
(D:\CTEX\MiKTeX\tex/latex/amsfonts\amsfonts.sty))
(D:\CTEX\MiKTeX\tex/latex/graphics\graphicx.sty
(D:\CTEX\MiKTeX\tex/latex/graphics\keyval.sty)
(D:\CTEX\MiKTeX\tex/latex/graphics\graphics.sty
(D:\CTEX\MiKTeX\tex/latex/graphics\trig.sty)
(D:\CTEX\MiKTeX\tex/latex/graphics-cfg\graphics.cfg)
(D:\CTEX\MiKTeX\tex/latex/graphics-def\xetex.def)))
(D:\CTEX\MiKTeX\tex/latex/booktabs\booktabs.sty)
(D:\CTEX\MiKTeX\tex/latex/tools\array.sty)
(D:\CTEX\MiKTeX\tex/latex/multirow\multirow.sty)
(D:\CTEX\MiKTeX\tex/latex/algorithms\algorithm.sty
(D:\CTEX\MiKTeX\tex/latex/float\float.sty)
(D:\CTEX\MiKTeX\tex/latex/base\ifthen.sty))
(D:\CTEX\MiKTeX\tex/latex/algorithmicx\algpseudocode.sty
(D:\CTEX\MiKTeX\tex/latex/algorithmicx\algorithmicx.sty
Document Style algorithmicx 1.2 - a greatly improved `algorithmic' style
)
Document Style - pseudocode environments for use with the `algorithmicx' style
) (D:\CTEX\MiKTeX\tex/latex/hyperref\hyperref.sty
(D:\CTEX\MiKTeX\tex/generic/iftex\iftex.sty)
(D:\CTEX\MiKTeX\tex/latex/kvsetkeys\kvsetkeys.sty)
(D:\CTEX\MiKTeX\tex/generic/kvdefinekeys\kvdefinekeys.sty)
(D:\CTEX\MiKTeX\tex/generic/pdfescape\pdfescape.sty
(D:\CTEX\MiKTeX\tex/generic/ltxcmds\ltxcmds.sty)
(D:\CTEX\MiKTeX\tex/generic/pdftexcmds\pdftexcmds.sty
(D:\CTEX\MiKTeX\tex/generic/infwarerr\infwarerr.sty)))
(D:\CTEX\MiKTeX\tex/latex/hycolor\hycolor.sty)
(D:\CTEX\MiKTeX\tex/latex/hyperref\nameref.sty
(D:\CTEX\MiKTeX\tex/latex/refcount\refcount.sty)
(D:\CTEX\MiKTeX\tex/generic/gettitlestring\gettitlestring.sty
(D:\CTEX\MiKTeX\tex/latex/kvoptions\kvoptions.sty)))
(D:\CTEX\MiKTeX\tex/latex/etoolbox\etoolbox.sty)
(D:\CTEX\MiKTeX\tex/generic/stringenc\stringenc.sty)
(D:\CTEX\MiKTeX\tex/latex/hyperref\pd1enc.def)
(D:\CTEX\MiKTeX\tex/generic/intcalc\intcalc.sty)
(D:\CTEX\MiKTeX\tex/latex/hyperref\puenc.def)
(D:\CTEX\MiKTeX\tex/latex/url\url.sty)
(D:\CTEX\MiKTeX\tex/generic/bitset\bitset.sty
(D:\CTEX\MiKTeX\tex/generic/bigintcalc\bigintcalc.sty)))
(D:\CTEX\MiKTeX\tex/latex/hyperref\hxetex.def
(D:\CTEX\MiKTeX\tex/latex/rerunfilecheck\rerunfilecheck.sty
(D:\CTEX\MiKTeX\tex/generic/uniquecounter\uniquecounter.sty)))
(D:\CTEX\MiKTeX\tex/latex/caption\caption.sty
(D:\CTEX\MiKTeX\tex/latex/caption\caption3.sty))
(D:\CTEX\MiKTeX\tex/latex/geometry\geometry.sty
(D:\CTEX\MiKTeX\tex/generic/iftex\ifvtex.sty)
(D:\CTEX\MiKTeX\tex/latex/geometry\geometry.cfg)) (main.aux)
(D:\CTEX\MiKTeX\tex/latex/graphics\color.sty
(D:\CTEX\MiKTeX\tex/latex/graphics-cfg\color.cfg)
(D:\CTEX\MiKTeX\tex/latex/graphics\mathcolor.ltx)) (main.out) (main.out)
*geometry* driver: auto-detecting
*geometry* detected driver: xetex
(D:\CTEX\MiKTeX\tex/latex/amsfonts\umsa.fd)
(D:\CTEX\MiKTeX\tex/latex/amsfonts\umsb.fd) (main.toc [1miktex-dvipdfmx: security risk: running with elevated privileges
] [2]) [3] [4] [5]
[6] [7] [8] [9] [10] [11] [12] [13] [14] [15] [16]
Overfull \hbox (65.90485pt too wide) in paragraph at lines 424--432
 [][] 
[17] [18] [19] [20] [21] [22] [23] (main.aux)

LaTeX Warning: Label(s) may have changed. Rerun to get cross-references right.

 )
(see the transcript file for additional information)
Output written on main.pdf (23 pages).
Transcript written on main.log.
