\BOOKMARK [1][-]{section.1}{\376\377\225\356\230\230\221\315\217\360\116\016\122\006\147\220}{}% 1
\BOOKMARK [2][-]{subsection.1.1}{\376\377\225\356\230\230\200\314\146\157}{section.1}% 2
\BOOKMARK [2][-]{subsection.1.2}{\376\377\137\205\211\343\121\263\166\204\225\356\230\230}{section.1}% 3
\BOOKMARK [2][-]{subsection.1.3}{\376\377\145\160\143\156\151\202\211\310}{section.1}% 4
\BOOKMARK [2][-]{subsection.1.4}{\376\377\140\073\117\123\136\372\152\041\140\035\215\357}{section.1}% 5
\BOOKMARK [1][-]{section.2}{\376\377\152\041\127\213\120\107\213\276\116\016\173\046\123\367\213\364\146\016}{}% 6
\BOOKMARK [2][-]{subsection.2.1}{\376\377\152\041\127\213\120\107\213\276}{section.2}% 7
\BOOKMARK [2][-]{subsection.2.2}{\376\377\173\046\123\367\213\364\146\016}{section.2}% 8
\BOOKMARK [1][-]{section.3}{\376\377\225\356\230\230\116\000\377\032\225\000\221\317\122\006\136\003\211\304\137\213\116\016\166\370\116\222\121\163\174\373}{}% 9
\BOOKMARK [2][-]{subsection.3.1}{\376\377\122\006\136\003\211\304\137\213}{section.3}% 10
\BOOKMARK [3][-]{subsubsection.3.1.1}{\376\377\152\041\127\213\123\237\164\006\116\016\220\011\142\351\164\006\165\061}{subsection.3.1}% 11
\BOOKMARK [3][-]{subsubsection.3.1.2}{\376\377\123\314\152\041\127\213\133\371\153\324}{subsection.3.1}% 12
\BOOKMARK [3][-]{subsubsection.3.1.3}{\376\377\176\323\147\234\122\006\147\220}{subsection.3.1}% 13
\BOOKMARK [2][-]{subsection.3.2}{\376\377\145\366\225\364\176\364\136\246\211\304\137\213}{section.3}% 14
\BOOKMARK [2][-]{subsection.3.3}{\376\377\166\370\116\222\121\163\174\373}{section.3}% 15
\BOOKMARK [3][-]{subsubsection.3.3.1}{\376\377\152\041\127\213\123\237\164\006\116\016\220\011\142\351\164\006\165\061}{subsection.3.3}% 16
\BOOKMARK [3][-]{subsubsection.3.3.2}{\376\377\176\323\147\234\122\006\147\220}{subsection.3.3}% 17
\BOOKMARK [1][-]{section.4}{\376\377\225\356\230\230\116\214\377\032\124\301\174\173\176\247\210\145\215\047\116\016\133\232\116\367}{}% 18
\BOOKMARK [2][-]{subsection.4.1}{\376\377\225\000\125\056\140\073\221\317\116\016\142\020\147\054\122\240\142\020\133\232\116\367\166\204\121\163\174\373}{section.4}% 19
\BOOKMARK [3][-]{subsubsection.4.1.1}{\376\377\133\236\226\105\122\240\142\020\163\207\122\006\136\003}{subsection.4.1}% 20
\BOOKMARK [3][-]{subsubsection.4.1.2}{\376\377\227\000\154\102\137\071\140\047\166\204\213\306\122\053}{subsection.4.1}% 21
\BOOKMARK [2][-]{subsection.4.2}{\376\377\227\000\154\102\230\204\155\113}{section.4}% 22
\BOOKMARK [3][-]{subsubsection.4.2.1}{\376\377\152\041\127\213\123\237\164\006\116\016\220\011\142\351\164\006\165\061}{subsection.4.2}% 23
\BOOKMARK [3][-]{subsubsection.4.2.2}{\376\377\123\314\152\041\127\213\133\371\153\324}{subsection.4.2}% 24
\BOOKMARK [3][-]{subsubsection.4.2.3}{\376\377\220\011\142\351\164\006\165\061\116\016\146\037\147\037\214\003\145\164}{subsection.4.2}% 25
\BOOKMARK [2][-]{subsection.4.3}{\376\377\142\245\172\345\210\145\215\047\152\041\127\213}{section.4}% 26
\BOOKMARK [3][-]{subsubsection.4.3.1}{\376\377\152\041\127\213\123\237\164\006\116\016\220\011\142\351\164\006\165\061}{subsection.4.3}% 27
\BOOKMARK [3][-]{subsubsection.4.3.2}{\376\377\145\066\166\312\133\371\153\324\116\016\153\213\120\074\145\117\141\037\140\047}{subsection.4.3}% 28
\BOOKMARK [3][-]{subsubsection.4.3.3}{\376\377\176\323\147\234\122\006\147\220}{subsection.4.3}% 29
\BOOKMARK [2][-]{subsection.4.4}{\376\377\147\052\147\145\116\000\124\150\210\145\215\047\116\016\133\232\116\367\173\126\165\145}{section.4}% 30
\BOOKMARK [1][-]{section.5}{\376\377\225\356\230\230\116\011\377\032\123\125\124\301\176\247\210\145\215\047\116\016\133\232\116\367}{}% 31
\BOOKMARK [2][-]{subsection.5.1}{\376\377\120\031\220\011\123\125\124\301\116\016\123\125\124\301\176\247\142\245\172\345}{section.5}% 32
\BOOKMARK [2][-]{subsection.5.2}{\376\377\176\304\124\010\117\030\123\026\152\041\127\213}{section.5}% 33
\BOOKMARK [3][-]{subsubsection.5.2.1}{\376\377\152\041\127\213\123\237\164\006\116\016\137\142\137\017\123\026}{subsection.5.2}% 34
\BOOKMARK [3][-]{subsubsection.5.2.2}{\376\377\173\227\154\325\220\011\142\351\164\006\165\061}{subsection.5.2}% 35
\BOOKMARK [3][-]{subsubsection.5.2.3}{\376\377\123\314\152\041\127\213\133\371\153\324}{subsection.5.2}% 36
\BOOKMARK [3][-]{subsubsection.5.2.4}{\376\377\176\323\147\234\122\006\147\220}{subsection.5.2}% 37
\BOOKMARK [2][-]{subsection.5.3}{\376\377\123\117\124\014\145\110\136\224\166\204\137\025\121\145}{section.5}% 38
\BOOKMARK [3][-]{subsubsection.5.3.1}{\376\377\152\041\127\213\123\237\164\006}{subsection.5.3}% 39
\BOOKMARK [3][-]{subsubsection.5.3.2}{\376\377\176\323\147\234\122\006\147\220}{subsection.5.3}% 40
\BOOKMARK [2][-]{subsection.5.4}{\376\377\220\011\124\301\172\063\120\145\140\047\122\006\147\220}{section.5}% 41
\BOOKMARK [1][-]{section.6}{\376\377\225\356\230\230\126\333\377\032\217\330\227\000\221\307\226\306\166\204\145\160\143\156}{}% 42
\BOOKMARK [2][-]{subsection.6.1}{\376\377\145\160\143\156\221\307\226\306\117\030\121\110\176\247\116\016\215\357\176\277\126\376}{section.6}% 43
\BOOKMARK [1][-]{section.7}{\376\377\176\323\147\234\176\374\124\010\122\006\147\220}{}% 44
\BOOKMARK [1][-]{section.8}{\376\377\152\041\127\213\213\304\116\367\116\016\145\071\217\333}{}% 45
\BOOKMARK [2][-]{subsection.8.1}{\376\377\152\041\127\213\117\030\160\271}{section.8}% 46
\BOOKMARK [2][-]{subsection.8.2}{\376\377\116\015\215\263\116\016\145\071\217\333\145\271\124\021}{section.8}% 47
\BOOKMARK [2][-]{subsection.8.3}{\376\377\173\227\154\325\123\357\142\151\134\125\140\047}{section.8}% 48
\BOOKMARK [1][-]{appendix.A}{\376\377\142\245\172\345\152\041\127\213\133\371\145\160\153\143\140\001\122\006\136\003\166\204\143\250\133\374}{}% 49
\BOOKMARK [1][-]{appendix.B}{\376\377\220\011\124\301\134\100\220\350\144\034\175\042\173\227\154\325}{}% 50
