\BOOKMARK [1][-]{section.1}{\376\377\225\356\230\230\221\315\217\360}{}% 1
\BOOKMARK [1][-]{section.2}{\376\377\225\356\230\230\122\006\147\220}{}% 2
\BOOKMARK [1][-]{section.3}{\376\377\152\041\127\213\120\107\213\276\116\016\173\046\123\367\213\364\146\016}{}% 3
\BOOKMARK [2][-]{subsection.3.1}{\376\377\152\041\127\213\120\107\213\276}{section.3}% 4
\BOOKMARK [2][-]{subsection.3.2}{\376\377\173\046\123\367\213\364\146\016}{section.3}% 5
\BOOKMARK [1][-]{section.4}{\376\377\225\356\230\230\116\000\377\032\000Y\147\323\202\162\117\123\155\123\136\246\116\016\133\125\124\150\060\001\000B\000M\000I\166\204\166\370\121\163\140\047\152\041\127\213}{}% 6
\BOOKMARK [2][-]{subsection.4.1}{\376\377\145\160\143\156\230\204\131\004\164\006}{section.4}% 7
\BOOKMARK [2][-]{subsection.4.2}{\376\377\166\370\121\163\140\047\122\006\147\220}{section.4}% 8
\BOOKMARK [2][-]{subsection.4.3}{\376\377\155\367\124\010\145\110\136\224\121\163\174\373\152\041\127\213}{section.4}% 9
\BOOKMARK [2][-]{subsection.4.4}{\376\377\146\076\204\127\140\047\150\300\232\214}{section.4}% 10
\BOOKMARK [1][-]{section.5}{\376\377\225\356\230\230\116\214\377\032\000B\000M\000I\122\006\176\304\116\016\147\000\117\163\000N\000I\000P\000T\145\366\160\271}{}% 11
\BOOKMARK [2][-]{subsection.5.1}{\376\377\157\134\127\050\230\316\226\151\166\204\221\317\123\026}{section.5}% 12
\BOOKMARK [2][-]{subsection.5.2}{\376\377\000B\000M\000I\122\006\176\304}{section.5}% 13
\BOOKMARK [2][-]{subsection.5.3}{\376\377\147\000\117\163\145\366\160\271\166\204\170\156\133\232}{section.5}% 14
\BOOKMARK [2][-]{subsection.5.4}{\376\377\150\300\155\113\213\357\135\356\166\204\137\161\124\315}{section.5}% 15
\BOOKMARK [1][-]{section.6}{\376\377\225\356\230\230\116\011\377\032\131\032\126\340\175\040\176\374\124\010\166\204\145\366\160\271\220\011\142\351}{}% 16
\BOOKMARK [2][-]{subsection.6.1}{\376\377\131\032\126\340\175\040\123\330\221\317\220\011\142\351}{section.6}% 17
\BOOKMARK [2][-]{subsection.6.2}{\376\377\217\276\150\007\153\324\117\213\116\016\147\000\117\163\145\366\160\271}{section.6}% 18
\BOOKMARK [2][-]{subsection.6.3}{\376\377\155\113\221\317\213\357\135\356\145\117\141\037\140\047}{section.6}% 19
\BOOKMARK [1][-]{section.7}{\376\377\225\356\230\230\126\333\377\032\131\163\200\316\137\002\136\070\122\044\133\232}{}% 20
\BOOKMARK [2][-]{subsection.7.1}{\376\377\145\160\143\156\116\016\162\171\137\201}{section.7}% 21
\BOOKMARK [2][-]{subsection.7.2}{\376\377\122\044\133\232\145\271\154\325}{section.7}% 22
\BOOKMARK [2][-]{subsection.7.3}{\376\377\176\323\147\234\116\016\213\304\117\060}{section.7}% 23
\BOOKMARK [2][-]{subsection.7.4}{\376\377\123\357\211\343\221\312\166\204\122\044\133\232\121\154\137\017}{section.7}% 24
\BOOKMARK [1][-]{section.8}{\376\377\152\041\127\213\213\304\116\367\116\016\145\071\217\333}{}% 25
\BOOKMARK [2][-]{subsection.8.1}{\376\377\152\041\127\213\117\030\160\271}{section.8}% 26
\BOOKMARK [2][-]{subsection.8.2}{\376\377\152\041\127\213\134\100\226\120\116\016\145\071\217\333}{section.8}% 27
\BOOKMARK [1][-]{section.9}{\376\377\123\302\200\003\145\207\163\056}{}% 28
